[INFO] Lovable ingest configured
[BOT_LOG_TIME] message="Hermes ingest startup test" utc_time=2026-06-01T19:50:48.342735+00:00 casablanca_time=2026-06-01T20:50:48.342735+01:00 broker_time_estimate=UNKNOWN session_name=UNKNOWN time_gate_status=UNKNOWN
[ERROR] Hermes ingest request failed for bot_logs: HTTPSConnectionPool(host='bnb-trade-os.lovable.app', port=443): Max retries exceeded with url: /api/public/hermes-ingest (Caused by NewConnectionError("HTTPSConnection(host='bnb-trade-os.lovable.app', port=443): Failed to establish a new connection: [WinError 10013] An attempt was made to access a socket in a way forbidden by its access permissions"))
[ERROR] Failed table: bot_logs
[ERROR] Hermes ingest request failed for bot_status: HTTPSConnectionPool(host='bnb-trade-os.lovable.app', port=443): Max retries exceeded with url: /api/public/hermes-ingest (Caused by NewConnectionError("HTTPSConnection(host='bnb-trade-os.lovable.app', port=443): Failed to establish a new connection: [WinError 10013] An attempt was made to access a socket in a way forbidden by its access permissions"))
[ERROR] Failed table: bot_status
[ERROR] Hermes ingest request failed for hermes_agents: HTTPSConnectionPool(host='bnb-trade-os.lovable.app', port=443): Max retries exceeded with url: /api/public/hermes-ingest (Caused by NewConnectionError("HTTPSConnection(host='bnb-trade-os.lovable.app', port=443): Failed to establish a new connection: [WinError 10013] An attempt was made to access a socket in a way forbidden by its access permissions"))
[ERROR] Failed table: hermes_agents
[INFO] MT5 connected
[INFO] Account detected
[INFO] [ACCOUNT_DIAG] login=345297734 trade_mode=0 account_type=DEMO name="Demo Account" server="XMGlobal-MT5 10" company="XM Global Limited" trade_allowed=True trade_expert=True
[INFO] [DEMO_PILOT] enabled=true hours=24 account_type=DEMO live_allowed=false
[ERROR] Hermes ingest request failed for bot_status: HTTPSConnectionPool(host='bnb-trade-os.lovable.app', port=443): Max retries exceeded with url: /api/public/hermes-ingest (Caused by NewConnectionError("HTTPSConnection(host='bnb-trade-os.lovable.app', port=443): Failed to establish a new connection: [WinError 10013] An attempt was made to access a socket in a way forbidden by its access permissions"))
[ERROR] Failed table: bot_status
[ERROR] Hermes ingest request failed for hermes_agents: HTTPSConnectionPool(host='bnb-trade-os.lovable.app', port=443): Max retries exceeded with url: /api/public/hermes-ingest (Caused by NewConnectionError("HTTPSConnection(host='bnb-trade-os.lovable.app', port=443): Failed to establish a new connection: [WinError 10013] An attempt was made to access a socket in a way forbidden by its access permissions"))
[ERROR] Failed table: hermes_agents
[INFO] [DASHBOARD_STATUS] component=dashboard_status mode=DEMO_PILOT_24H account_type=DEMO demo_pilot_enabled=true allow_live_trading=false utc_time=2026-06-01T19:50:48.454332+00:00
[DASHBOARD_STATUS] component=dashboard_status mode=DEMO_PILOT_24H account_type=DEMO demo_pilot_enabled=true allow_live_trading=false utc_time=2026-06-01T19:50:48.454332+00:00
[ERROR] Hermes ingest update request failed for bot_status: HTTPSConnectionPool(host='bnb-trade-os.lovable.app', port=443): Max retries exceeded with url: /api/public/hermes-ingest (Caused by NewConnectionError("HTTPSConnection(host='bnb-trade-os.lovable.app', port=443): Failed to establish a new connection: [WinError 10013] An attempt was made to access a socket in a way forbidden by its access permissions"))
[ERROR] Failed table: bot_status
[ERROR] Hermes ingest update request failed for bot_status: HTTPSConnectionPool(host='bnb-trade-os.lovable.app', port=443): Max retries exceeded with url: /api/public/hermes-ingest (Caused by NewConnectionError("HTTPSConnection(host='bnb-trade-os.lovable.app', port=443): Failed to establish a new connection: [WinError 10013] An attempt was made to access a socket in a way forbidden by its access permissions"))
[ERROR] Failed table: bot_status
[ERROR] Hermes ingest update request failed for bot_status: HTTPSConnectionPool(host='bnb-trade-os.lovable.app', port=443): Max retries exceeded with url: /api/public/hermes-ingest (Caused by NewConnectionError("HTTPSConnection(host='bnb-trade-os.lovable.app', port=443): Failed to establish a new connection: [WinError 10013] An attempt was made to access a socket in a way forbidden by its access permissions"))
[ERROR] Failed table: bot_status
[ERROR] Hermes ingest update request failed for bot_status: HTTPSConnectionPool(host='bnb-trade-os.lovable.app', port=443): Max retries exceeded with url: /api/public/hermes-ingest (Caused by NewConnectionError("HTTPSConnection(host='bnb-trade-os.lovable.app', port=443): Failed to establish a new connection: [WinError 10013] An attempt was made to access a socket in a way forbidden by its access permissions"))
[ERROR] Failed table: bot_status
[ERROR] Hermes ingest request failed for account_snapshots: HTTPSConnectionPool(host='bnb-trade-os.lovable.app', port=443): Max retries exceeded with url: /api/public/hermes-ingest (Caused by NewConnectionError("HTTPSConnection(host='bnb-trade-os.lovable.app', port=443): Failed to establish a new connection: [WinError 10013] An attempt was made to access a socket in a way forbidden by its access permissions"))
[ERROR] Failed table: account_snapshots
[ERROR] Hermes ingest request failed for account_snapshots: HTTPSConnectionPool(host='bnb-trade-os.lovable.app', port=443): Max retries exceeded with url: /api/public/hermes-ingest (Caused by NewConnectionError("HTTPSConnection(host='bnb-trade-os.lovable.app', port=443): Failed to establish a new connection: [WinError 10013] An attempt was made to access a socket in a way forbidden by its access permissions"))
[ERROR] Failed table: account_snapshots
[INFO] Requested symbols resolved
[INFO] BTCUSD -> BTCUSD#
[INFO] GOLD# -> GOLD#
[INFO] EURUSD -> EURUSD
[ERROR] Hermes ingest request failed for hermes_agents: HTTPSConnectionPool(host='bnb-trade-os.lovable.app', port=443): Max retries exceeded with url: /api/public/hermes-ingest (Caused by NewConnectionError("HTTPSConnection(host='bnb-trade-os.lovable.app', port=443): Failed to establish a new connection: [WinError 10013] An attempt was made to access a socket in a way forbidden by its access permissions"))
[ERROR] Failed table: hermes_agents
[INFO] [CYCLE] started
[ERROR] Hermes ingest request failed for bot_status: HTTPSConnectionPool(host='bnb-trade-os.lovable.app', port=443): Max retries exceeded with url: /api/public/hermes-ingest (Caused by NewConnectionError("HTTPSConnection(host='bnb-trade-os.lovable.app', port=443): Failed to establish a new connection: [WinError 10013] An attempt was made to access a socket in a way forbidden by its access permissions"))
[ERROR] Failed table: bot_status
[ERROR] Hermes ingest request failed for hermes_agents: HTTPSConnectionPool(host='bnb-trade-os.lovable.app', port=443): Max retries exceeded with url: /api/public/hermes-ingest (Caused by NewConnectionError("HTTPSConnection(host='bnb-trade-os.lovable.app', port=443): Failed to establish a new connection: [WinError 10013] An attempt was made to access a socket in a way forbidden by its access permissions"))
[ERROR] Failed table: hermes_agents
[INFO] [DASHBOARD_STATUS] component=dashboard_status mode=DEMO_PILOT_24H account_type=DEMO demo_pilot_enabled=true allow_live_trading=false utc_time=2026-06-01T19:50:48.605090+00:00
[DASHBOARD_STATUS] component=dashboard_status mode=DEMO_PILOT_24H account_type=DEMO demo_pilot_enabled=true allow_live_trading=false utc_time=2026-06-01T19:50:48.605090+00:00
[ERROR] Hermes ingest update request failed for bot_status: HTTPSConnectionPool(host='bnb-trade-os.lovable.app', port=443): Max retries exceeded with url: /api/public/hermes-ingest (Caused by NewConnectionError("HTTPSConnection(host='bnb-trade-os.lovable.app', port=443): Failed to establish a new connection: [WinError 10013] An attempt was made to access a socket in a way forbidden by its access permissions"))
[ERROR] Failed table: bot_status
[ERROR] Hermes ingest update request failed for bot_status: HTTPSConnectionPool(host='bnb-trade-os.lovable.app', port=443): Max retries exceeded with url: /api/public/hermes-ingest (Caused by NewConnectionError("HTTPSConnection(host='bnb-trade-os.lovable.app', port=443): Failed to establish a new connection: [WinError 10013] An attempt was made to access a socket in a way forbidden by its access permissions"))
[ERROR] Failed table: bot_status
[ERROR] Hermes ingest update request failed for bot_status: HTTPSConnectionPool(host='bnb-trade-os.lovable.app', port=443): Max retries exceeded with url: /api/public/hermes-ingest (Caused by NewConnectionError("HTTPSConnection(host='bnb-trade-os.lovable.app', port=443): Failed to establish a new connection: [WinError 10013] An attempt was made to access a socket in a way forbidden by its access permissions"))
[ERROR] Failed table: bot_status
[ERROR] Hermes ingest update request failed for bot_status: HTTPSConnectionPool(host='bnb-trade-os.lovable.app', port=443): Max retries exceeded with url: /api/public/hermes-ingest (Caused by NewConnectionError("HTTPSConnection(host='bnb-trade-os.lovable.app', port=443): Failed to establish a new connection: [WinError 10013] An attempt was made to access a socket in a way forbidden by its access permissions"))
[ERROR] Failed table: bot_status
[ERROR] Hermes ingest request failed for account_snapshots: HTTPSConnectionPool(host='bnb-trade-os.lovable.app', port=443): Max retries exceeded with url: /api/public/hermes-ingest (Caused by NewConnectionError("HTTPSConnection(host='bnb-trade-os.lovable.app', port=443): Failed to establish a new connection: [WinError 10013] An attempt was made to access a socket in a way forbidden by its access permissions"))
[ERROR] Failed table: account_snapshots
[ERROR] Hermes ingest request failed for account_snapshots: HTTPSConnectionPool(host='bnb-trade-os.lovable.app', port=443): Max retries exceeded with url: /api/public/hermes-ingest (Caused by NewConnectionError("HTTPSConnection(host='bnb-trade-os.lovable.app', port=443): Failed to establish a new connection: [WinError 10013] An attempt was made to access a socket in a way forbidden by its access permissions"))
[ERROR] Failed table: account_snapshots
[ERROR] Hermes ingest request failed for market_candles: HTTPSConnectionPool(host='bnb-trade-os.lovable.app', port=443): Max retries exceeded with url: /api/public/hermes-ingest (Caused by NewConnectionError("HTTPSConnection(host='bnb-trade-os.lovable.app', port=443): Failed to establish a new connection: [WinError 10013] An attempt was made to access a socket in a way forbidden by its access permissions"))
[ERROR] Failed table: market_candles
[ERROR] Hermes ingest request failed for market_candles: HTTPSConnectionPool(host='bnb-trade-os.lovable.app', port=443): Max retries exceeded with url: /api/public/hermes-ingest (Caused by NewConnectionError("HTTPSConnection(host='bnb-trade-os.lovable.app', port=443): Failed to establish a new connection: [WinError 10013] An attempt was made to access a socket in a way forbidden by its access permissions"))
[ERROR] Failed table: market_candles
[ERROR] Hermes ingest request failed for market_candles: HTTPSConnectionPool(host='bnb-trade-os.lovable.app', port=443): Max retries exceeded with url: /api/public/hermes-ingest (Caused by NewConnectionError("HTTPSConnection(host='bnb-trade-os.lovable.app', port=443): Failed to establish a new connection: [WinError 10013] An attempt was made to access a socket in a way forbidden by its access permissions"))
[ERROR] Failed table: market_candles
[ERROR] Hermes ingest request failed for market_candles: HTTPSConnectionPool(host='bnb-trade-os.lovable.app', port=443): Max retries exceeded with url: /api/public/hermes-ingest (Caused by NewConnectionError("HTTPSConnection(host='bnb-trade-os.lovable.app', port=443): Failed to establish a new connection: [WinError 10013] An attempt was made to access a socket in a way forbidden by its access permissions"))
[ERROR] Failed table: market_candles
[ERROR] Hermes ingest request failed for market_candles: HTTPSConnectionPool(host='bnb-trade-os.lovable.app', port=443): Max retries exceeded with url: /api/public/hermes-ingest (Caused by NewConnectionError("HTTPSConnection(host='bnb-trade-os.lovable.app', port=443): Failed to establish a new connection: [WinError 10013] An attempt was made to access a socket in a way forbidden by its access permissions"))
[ERROR] Failed table: market_candles
[TIME_GATE] symbol=BTCUSD utc=2026-06-01T19:50:48.835800+00:00 local=2026-06-01T20:50:48.835800+01:00 broker=2026-06-01T22:50:48+00:00 session=NEW_YORK market_open=True bad_hour=False decision=PASS reason=TIME_GATE_PASS
[SESSION_DIAG] utc_hour=19 local_hour=20 broker_hour=22 session=NEW_YORK time_gate=PASS
[INFO] [SPREAD_DIAG] symbol=BTCUSD broker_symbol=BTCUSD# spread=2250.0 point=0.01 digits=2 bid=71523.0 ask=71545.5 max_spread=2500.0 spread_status=OK
[INFO] [MTFA] symbol=BTCUSD h1_bias=NEUTRAL m15_liquidity=False m5_cisd=False direction=SELL mode=TAG_ONLY status=FAIL reason=H1_BIAS_MISMATCH,NO_M15_LIQUIDITY,NO_M5_CISD score=15
[INFO] [MTF_STRUCTURE] symbol=BTCUSD h4_bias=RANGE h4_zone=NONE m15_confirmation=False m1_entry=False direction=WAIT status=FAIL score=0 reason=PRICE_NOT_AT_H4_ZONE,NO_M15_STRUCTURE_SHIFT,NO_M1_ENTRY_CONFIRMATION
[INFO] [SMC_TAGGER] symbol=BTCUSD direction=SELL h4=RANGE h1=RANGE m15=False score=10 status=FAIL reason=NO_M15_CONFIRMATION,NO_M5_CONFIRMATION,NO_M1_ENTRY_CONFIRMATION,LOW_SMC_CONFLUENCE_SCORE
[ERROR] Hermes ingest request failed for market_states: HTTPSConnectionPool(host='bnb-trade-os.lovable.app', port=443): Max retries exceeded with url: /api/public/hermes-ingest (Caused by NewConnectionError("HTTPSConnection(host='bnb-trade-os.lovable.app', port=443): Failed to establish a new connection: [WinError 10013] An attempt was made to access a socket in a way forbidden by its access permissions"))
[ERROR] Failed table: market_states
[ERROR] Hermes ingest request failed for markov_predictions: HTTPSConnectionPool(host='bnb-trade-os.lovable.app', port=443): Max retries exceeded with url: /api/public/hermes-ingest (Caused by NewConnectionError("HTTPSConnection(host='bnb-trade-os.lovable.app', port=443): Failed to establish a new connection: [WinError 10013] An attempt was made to access a socket in a way forbidden by its access permissions"))
[ERROR] Failed table: markov_predictions
[ERROR] Hermes ingest request failed for strategy_signals: HTTPSConnectionPool(host='bnb-trade-os.lovable.app', port=443): Max retries exceeded with url: /api/public/hermes-ingest (Caused by NewConnectionError("HTTPSConnection(host='bnb-trade-os.lovable.app', port=443): Failed to establish a new connection: [WinError 10013] An attempt was made to access a socket in a way forbidden by its access permissions"))
[ERROR] Failed table: strategy_signals
[ERROR] Hermes ingest request failed for strategy_signals: HTTPSConnectionPool(host='bnb-trade-os.lovable.app', port=443): Max retries exceeded with url: /api/public/hermes-ingest (Caused by NewConnectionError("HTTPSConnection(host='bnb-trade-os.lovable.app', port=443): Failed to establish a new connection: [WinError 10013] An attempt was made to access a socket in a way forbidden by its access permissions"))
[ERROR] Failed table: strategy_signals
[ERROR] Hermes ingest request failed for strategy_signals: HTTPSConnectionPool(host='bnb-trade-os.lovable.app', port=443): Max retries exceeded with url: /api/public/hermes-ingest (Caused by NewConnectionError("HTTPSConnection(host='bnb-trade-os.lovable.app', port=443): Failed to establish a new connection: [WinError 10013] An attempt was made to access a socket in a way forbidden by its access permissions"))
[ERROR] Failed table: strategy_signals
[ERROR] Hermes ingest request failed for strategy_signals: HTTPSConnectionPool(host='bnb-trade-os.lovable.app', port=443): Max retries exceeded with url: /api/public/hermes-ingest (Caused by NewConnectionError("HTTPSConnection(host='bnb-trade-os.lovable.app', port=443): Failed to establish a new connection: [WinError 10013] An attempt was made to access a socket in a way forbidden by its access permissions"))
[ERROR] Failed table: strategy_signals
[ERROR] Hermes ingest request failed for strategy_signals: HTTPSConnectionPool(host='bnb-trade-os.lovable.app', port=443): Max retries exceeded with url: /api/public/hermes-ingest (Caused by NewConnectionError("HTTPSConnection(host='bnb-trade-os.lovable.app', port=443): Failed to establish a new connection: [WinError 10013] An attempt was made to access a socket in a way forbidden by its access permissions"))
[ERROR] Failed table: strategy_signals
[ERROR] Hermes ingest request failed for strategy_signals: HTTPSConnectionPool(host='bnb-trade-os.lovable.app', port=443): Max retries exceeded with url: /api/public/hermes-ingest (Caused by NewConnectionError("HTTPSConnection(host='bnb-trade-os.lovable.app', port=443): Failed to establish a new connection: [WinError 10013] An attempt was made to access a socket in a way forbidden by its access permissions"))
[ERROR] Failed table: strategy_signals
[ERROR] Hermes ingest request failed for strategy_signals: HTTPSConnectionPool(host='bnb-trade-os.lovable.app', port=443): Max retries exceeded with url: /api/public/hermes-ingest (Caused by NewConnectionError("HTTPSConnection(host='bnb-trade-os.lovable.app', port=443): Failed to establish a new connection: [WinError 10013] An attempt was made to access a socket in a way forbidden by its access permissions"))
[ERROR] Failed table: strategy_signals
[ERROR] Hermes ingest request failed for strategy_signals: HTTPSConnectionPool(host='bnb-trade-os.lovable.app', port=443): Max retries exceeded with url: /api/public/hermes-ingest (Caused by NewConnectionError("HTTPSConnection(host='bnb-trade-os.lovable.app', port=443): Failed to establish a new connection: [WinError 10013] An attempt was made to access a socket in a way forbidden by its access permissions"))
[ERROR] Failed table: strategy_signals
[ERROR] Hermes ingest request failed for kelly_risk: HTTPSConnectionPool(host='bnb-trade-os.lovable.app', port=443): Max retries exceeded with url: /api/public/hermes-ingest (Caused by NewConnectionError("HTTPSConnection(host='bnb-trade-os.lovable.app', port=443): Failed to establish a new connection: [WinError 10013] An attempt was made to access a socket in a way forbidden by its access permissions"))
[ERROR] Failed table: kelly_risk
[SAFETY_GUARD] status=PASS reason=SAFETY_GUARD_PASS
[SAFETY_GUARD] status=PASS reason=SAFETY_GUARD_PASS
[SAFETY_GUARD] status=PASS reason=SAFETY_GUARD_PASS
[SAFETY_GUARD] status=PASS reason=SAFETY_GUARD_PASS
[SAFETY_GUARD] status=PASS reason=SAFETY_GUARD_PASS
[SAFETY_GUARD] status=BLOCK reason=EMA_PULLBACK_WEAK_CONTEXT
[SAFETY_GUARD] status=PASS reason=SAFETY_GUARD_PASS
[SAFETY_GUARD] status=PASS reason=SAFETY_GUARD_PASS
[SETUP_HUNTER] symbol=BTCUSD best=TREND_CONTINUATION_BREAKDOWN direction=SELL score=100 grade=A demo_eligible=false missing=SMC_FAIL,SMC_SCORE_LT_70,MTFA_FAIL,MTFA_SCORE_LT_60,BIG_SETUP_GRADE_BELOW_B
[NEAR_MISS] symbol=BTCUSD strategy=TREND_CONTINUATION_BREAKDOWN direction=SELL score=100 missing=SMC_FAIL,SMC_SCORE_LT_70,MTFA_FAIL,MTFA_SCORE_LT_60,BIG_SETUP_GRADE_BELOW_B
[ERROR] Hermes ingest request failed for execution_events: HTTPSConnectionPool(host='bnb-trade-os.lovable.app', port=443): Max retries exceeded with url: /api/public/hermes-ingest (Caused by NewConnectionError("HTTPSConnection(host='bnb-trade-os.lovable.app', port=443): Failed to establish a new connection: [WinError 10013] An attempt was made to access a socket in a way forbidden by its access permissions"))
[ERROR] Failed table: execution_events
[ERROR] Hermes ingest request failed for execution_events: HTTPSConnectionPool(host='bnb-trade-os.lovable.app', port=443): Max retries exceeded with url: /api/public/hermes-ingest (Caused by NewConnectionError("HTTPSConnection(host='bnb-trade-os.lovable.app', port=443): Failed to establish a new connection: [WinError 10013] An attempt was made to access a socket in a way forbidden by its access permissions"))
[ERROR] Failed table: execution_events
[ERROR] Hermes ingest request failed for hermes_agents: HTTPSConnectionPool(host='bnb-trade-os.lovable.app', port=443): Max retries exceeded with url: /api/public/hermes-ingest (Caused by NewConnectionError("HTTPSConnection(host='bnb-trade-os.lovable.app', port=443): Failed to establish a new connection: [WinError 10013] An attempt was made to access a socket in a way forbidden by its access permissions"))
[ERROR] Failed table: hermes_agents
[ERROR] Hermes ingest request failed for ai_decisions: HTTPSConnectionPool(host='bnb-trade-os.lovable.app', port=443): Max retries exceeded with url: /api/public/hermes-ingest (Caused by NewConnectionError("HTTPSConnection(host='bnb-trade-os.lovable.app', port=443): Failed to establish a new connection: [WinError 10013] An attempt was made to access a socket in a way forbidden by its access permissions"))
[ERROR] Failed table: ai_decisions
[TIME_GATE] symbol=BTCUSD# utc=2026-06-01T19:50:49.070079+00:00 local=2026-06-01T20:50:49.070079+01:00 broker=2026-06-01T22:50:48+00:00 session=NEW_YORK market_open=True bad_hour=False decision=PASS reason=TIME_GATE_PASS
[SESSION_DIAG] utc_hour=19 local_hour=20 broker_hour=22 session=NEW_YORK time_gate=PASS
[SAFETY_GUARD] status=PASS reason=SAFETY_GUARD_PASS
[INFO] [KELLY_DEMO] symbol=BTCUSD# kelly_lot=0.36 capped_lot=0.01 risk_pct=0.01366537
[INFO] [DEMO_GATE] symbol=BTCUSD# decision=BLOCK reason=MTFA_FAIL raw_symbol=BTCUSD broker_symbol=BTCUSD# allowed_symbol_check=PASS
[INFO] [DEMO_SKIP] reason=MTFA_FAIL
[ERROR] Hermes ingest request failed for execution_events: HTTPSConnectionPool(host='bnb-trade-os.lovable.app', port=443): Max retries exceeded with url: /api/public/hermes-ingest (Caused by NewConnectionError("HTTPSConnection(host='bnb-trade-os.lovable.app', port=443): Failed to establish a new connection: [WinError 10013] An attempt was made to access a socket in a way forbidden by its access permissions"))
[ERROR] Failed table: execution_events
[INFO] [CYCLE] symbol=BTCUSD status=ENTER_ANALYSIS_ONLY
[BOT_LOG_TIME] message="Hermes analysis cycle complete" utc_time=2026-06-01T19:50:48.835800+00:00 casablanca_time=2026-06-01T20:50:48.835800+01:00 broker_time_estimate=2026-06-01T22:50:48+00:00 session_name=NEW_YORK time_gate_status=PASS
[ERROR] Hermes ingest request failed for bot_logs: HTTPSConnectionPool(host='bnb-trade-os.lovable.app', port=443): Max retries exceeded with url: /api/public/hermes-ingest (Caused by NewConnectionError("HTTPSConnection(host='bnb-trade-os.lovable.app', port=443): Failed to establish a new connection: [WinError 10013] An attempt was made to access a socket in a way forbidden by its access permissions"))
[ERROR] Failed table: bot_logs
[ERROR] Hermes ingest request failed for market_candles: HTTPSConnectionPool(host='bnb-trade-os.lovable.app', port=443): Max retries exceeded with url: /api/public/hermes-ingest (Caused by NewConnectionError("HTTPSConnection(host='bnb-trade-os.lovable.app', port=443): Failed to establish a new connection: [WinError 10013] An attempt was made to access a socket in a way forbidden by its access permissions"))
[ERROR] Failed table: market_candles
[ERROR] Hermes ingest request failed for market_candles: HTTPSConnectionPool(host='bnb-trade-os.lovable.app', port=443): Max retries exceeded with url: /api/public/hermes-ingest (Caused by NewConnectionError("HTTPSConnection(host='bnb-trade-os.lovable.app', port=443): Failed to establish a new connection: [WinError 10013] An attempt was made to access a socket in a way forbidden by its access permissions"))
[ERROR] Failed table: market_candles
[ERROR] Hermes ingest request failed for market_candles: HTTPSConnectionPool(host='bnb-trade-os.lovable.app', port=443): Max retries exceeded with url: /api/public/hermes-ingest (Caused by NewConnectionError("HTTPSConnection(host='bnb-trade-os.lovable.app', port=443): Failed to establish a new connection: [WinError 10013] An attempt was made to access a socket in a way forbidden by its access permissions"))
[ERROR] Failed table: market_candles
[ERROR] Hermes ingest request failed for market_candles: HTTPSConnectionPool(host='bnb-trade-os.lovable.app', port=443): Max retries exceeded with url: /api/public/hermes-ingest (Caused by NewConnectionError("HTTPSConnection(host='bnb-trade-os.lovable.app', port=443): Failed to establish a new connection: [WinError 10013] An attempt was made to access a socket in a way forbidden by its access permissions"))
[ERROR] Failed table: market_candles
[ERROR] Hermes ingest request failed for market_candles: HTTPSConnectionPool(host='bnb-trade-os.lovable.app', port=443): Max retries exceeded with url: /api/public/hermes-ingest (Caused by NewConnectionError("HTTPSConnection(host='bnb-trade-os.lovable.app', port=443): Failed to establish a new connection: [WinError 10013] An attempt was made to access a socket in a way forbidden by its access permissions"))
[ERROR] Failed table: market_candles
[TIME_GATE] symbol=GOLD# utc=2026-06-01T19:50:49.373136+00:00 local=2026-06-01T20:50:49.373136+01:00 broker=2026-06-01T22:50:50+00:00 session=NEW_YORK market_open=True bad_hour=False decision=PASS reason=TIME_GATE_PASS
[SESSION_DIAG] utc_hour=19 local_hour=20 broker_hour=22 session=NEW_YORK time_gate=PASS
[INFO] [SPREAD_DIAG] symbol=GOLD# broker_symbol=GOLD# spread=24.0 point=0.01 digits=2 bid=4481.74 ask=4482.07 max_spread=50.0 spread_status=OK
[INFO] [MTFA] symbol=GOLD# h1_bias=NEUTRAL m15_liquidity=False m5_cisd=True direction=SELL mode=TAG_ONLY status=FAIL reason=H1_BIAS_MISMATCH,NO_M15_LIQUIDITY score=40
[INFO] [MTF_STRUCTURE] symbol=GOLD# h4_bias=RANGE h4_zone=NONE m15_confirmation=False m1_entry=False direction=WAIT status=FAIL score=0 reason=PRICE_NOT_AT_H4_ZONE,NO_M15_STRUCTURE_SHIFT,NO_M1_ENTRY_CONFIRMATION
[INFO] [SMC_TAGGER] symbol=GOLD# direction=SELL h4=RANGE h1=RANGE m15=True score=30 status=FAIL reason=LOW_SMC_CONFLUENCE_SCORE
[ERROR] Hermes ingest request failed for market_states: HTTPSConnectionPool(host='bnb-trade-os.lovable.app', port=443): Max retries exceeded with url: /api/public/hermes-ingest (Caused by NewConnectionError("HTTPSConnection(host='bnb-trade-os.lovable.app', port=443): Failed to establish a new connection: [WinError 10013] An attempt was made to access a socket in a way forbidden by its access permissions"))
[ERROR] Failed table: market_states
[ERROR] Hermes ingest request failed for markov_predictions: HTTPSConnectionPool(host='bnb-trade-os.lovable.app', port=443): Max retries exceeded with url: /api/public/hermes-ingest (Caused by NewConnectionError("HTTPSConnection(host='bnb-trade-os.lovable.app', port=443): Failed to establish a new connection: [WinError 10013] An attempt was made to access a socket in a way forbidden by its access permissions"))
[ERROR] Failed table: markov_predictions
[ERROR] Hermes ingest request failed for strategy_signals: HTTPSConnectionPool(host='bnb-trade-os.lovable.app', port=443): Max retries exceeded with url: /api/public/hermes-ingest (Caused by NewConnectionError("HTTPSConnection(host='bnb-trade-os.lovable.app', port=443): Failed to establish a new connection: [WinError 10013] An attempt was made to access a socket in a way forbidden by its access permissions"))
[ERROR] Failed table: strategy_signals
[ERROR] Hermes ingest request failed for strategy_signals: HTTPSConnectionPool(host='bnb-trade-os.lovable.app', port=443): Max retries exceeded with url: /api/public/hermes-ingest (Caused by NewConnectionError("HTTPSConnection(host='bnb-trade-os.lovable.app', port=443): Failed to establish a new connection: [WinError 10013] An attempt was made to access a socket in a way forbidden by its access permissions"))
[ERROR] Failed table: strategy_signals
[ERROR] Hermes ingest request failed for strategy_signals: HTTPSConnectionPool(host='bnb-trade-os.lovable.app', port=443): Max retries exceeded with url: /api/public/hermes-ingest (Caused by NewConnectionError("HTTPSConnection(host='bnb-trade-os.lovable.app', port=443): Failed to establish a new connection: [WinError 10013] An attempt was made to access a socket in a way forbidden by its access permissions"))
[ERROR] Failed table: strategy_signals
[ERROR] Hermes ingest request failed for strategy_signals: HTTPSConnectionPool(host='bnb-trade-os.lovable.app', port=443): Max retries exceeded with url: /api/public/hermes-ingest (Caused by NewConnectionError("HTTPSConnection(host='bnb-trade-os.lovable.app', port=443): Failed to establish a new connection: [WinError 10013] An attempt was made to access a socket in a way forbidden by its access permissions"))
[ERROR] Failed table: strategy_signals
[ERROR] Hermes ingest request failed for strategy_signals: HTTPSConnectionPool(host='bnb-trade-os.lovable.app', port=443): Max retries exceeded with url: /api/public/hermes-ingest (Caused by NewConnectionError("HTTPSConnection(host='bnb-trade-os.lovable.app', port=443): Failed to establish a new connection: [WinError 10013] An attempt was made to access a socket in a way forbidden by its access permissions"))
[ERROR] Failed table: strategy_signals
[ERROR] Hermes ingest request failed for strategy_signals: HTTPSConnectionPool(host='bnb-trade-os.lovable.app', port=443): Max retries exceeded with url: /api/public/hermes-ingest (Caused by NewConnectionError("HTTPSConnection(host='bnb-trade-os.lovable.app', port=443): Failed to establish a new connection: [WinError 10013] An attempt was made to access a socket in a way forbidden by its access permissions"))
[ERROR] Failed table: strategy_signals
[ERROR] Hermes ingest request failed for strategy_signals: HTTPSConnectionPool(host='bnb-trade-os.lovable.app', port=443): Max retries exceeded with url: /api/public/hermes-ingest (Caused by NewConnectionError("HTTPSConnection(host='bnb-trade-os.lovable.app', port=443): Failed to establish a new connection: [WinError 10013] An attempt was made to access a socket in a way forbidden by its access permissions"))
[ERROR] Failed table: strategy_signals
[ERROR] Hermes ingest request failed for strategy_signals: HTTPSConnectionPool(host='bnb-trade-os.lovable.app', port=443): Max retries exceeded with url: /api/public/hermes-ingest (Caused by NewConnectionError("HTTPSConnection(host='bnb-trade-os.lovable.app', port=443): Failed to establish a new connection: [WinError 10013] An attempt was made to access a socket in a way forbidden by its access permissions"))
[ERROR] Failed table: strategy_signals
[ERROR] Hermes ingest request failed for kelly_risk: HTTPSConnectionPool(host='bnb-trade-os.lovable.app', port=443): Max retries exceeded with url: /api/public/hermes-ingest (Caused by NewConnectionError("HTTPSConnection(host='bnb-trade-os.lovable.app', port=443): Failed to establish a new connection: [WinError 10013] An attempt was made to access a socket in a way forbidden by its access permissions"))
[ERROR] Failed table: kelly_risk
[SAFETY_GUARD] status=PASS reason=SAFETY_GUARD_PASS
[SAFETY_GUARD] status=PASS reason=SAFETY_GUARD_PASS
[SAFETY_GUARD] status=PASS reason=SAFETY_GUARD_PASS
[SAFETY_GUARD] status=PASS reason=SAFETY_GUARD_PASS
[SAFETY_GUARD] status=PASS reason=SAFETY_GUARD_PASS
[SAFETY_GUARD] status=BLOCK reason=EMA_PULLBACK_WEAK_CONTEXT
[SAFETY_GUARD] status=PASS reason=SAFETY_GUARD_PASS
[SAFETY_GUARD] status=PASS reason=SAFETY_GUARD_PASS
[SETUP_HUNTER] symbol=GOLD# best=TREND_CONTINUATION_BREAKDOWN direction=SELL score=96 grade=A demo_eligible=false missing=SMC_FAIL,SMC_SCORE_LT_70,MTFA_FAIL,MTFA_SCORE_LT_60,BIG_SETUP_GRADE_BELOW_B
[NEAR_MISS] symbol=GOLD# strategy=TREND_CONTINUATION_BREAKDOWN direction=SELL score=96 missing=SMC_FAIL,SMC_SCORE_LT_70,MTFA_FAIL,MTFA_SCORE_LT_60,BIG_SETUP_GRADE_BELOW_B
[ERROR] Hermes ingest request failed for execution_events: HTTPSConnectionPool(host='bnb-trade-os.lovable.app', port=443): Max retries exceeded with url: /api/public/hermes-ingest (Caused by NewConnectionError("HTTPSConnection(host='bnb-trade-os.lovable.app', port=443): Failed to establish a new connection: [WinError 10013] An attempt was made to access a socket in a way forbidden by its access permissions"))
[ERROR] Failed table: execution_events
[ERROR] Hermes ingest request failed for execution_events: HTTPSConnectionPool(host='bnb-trade-os.lovable.app', port=443): Max retries exceeded with url: /api/public/hermes-ingest (Caused by NewConnectionError("HTTPSConnection(host='bnb-trade-os.lovable.app', port=443): Failed to establish a new connection: [WinError 10013] An attempt was made to access a socket in a way forbidden by its access permissions"))
[ERROR] Failed table: execution_events
[ERROR] Hermes ingest request failed for hermes_agents: HTTPSConnectionPool(host='bnb-trade-os.lovable.app', port=443): Max retries exceeded with url: /api/public/hermes-ingest (Caused by NewConnectionError("HTTPSConnection(host='bnb-trade-os.lovable.app', port=443): Failed to establish a new connection: [WinError 10013] An attempt was made to access a socket in a way forbidden by its access permissions"))
[ERROR] Failed table: hermes_agents
[ERROR] Hermes ingest request failed for ai_decisions: HTTPSConnectionPool(host='bnb-trade-os.lovable.app', port=443): Max retries exceeded with url: /api/public/hermes-ingest (Caused by NewConnectionError("HTTPSConnection(host='bnb-trade-os.lovable.app', port=443): Failed to establish a new connection: [WinError 10013] An attempt was made to access a socket in a way forbidden by its access permissions"))
[ERROR] Failed table: ai_decisions
[TIME_GATE] symbol=GOLD# utc=2026-06-01T19:50:49.577973+00:00 local=2026-06-01T20:50:49.577973+01:00 broker=2026-06-01T22:50:50+00:00 session=NEW_YORK market_open=True bad_hour=False decision=PASS reason=TIME_GATE_PASS
[SESSION_DIAG] utc_hour=19 local_hour=20 broker_hour=22 session=NEW_YORK time_gate=PASS
[SAFETY_GUARD] status=PASS reason=SAFETY_GUARD_PASS
[INFO] [KELLY_DEMO] symbol=GOLD# kelly_lot=0.0 capped_lot=0.0 risk_pct=0.0
[INFO] [DEMO_GATE] symbol=GOLD# decision=BLOCK reason=KELLY_INVALID_LOT raw_symbol=GOLD# broker_symbol=GOLD# allowed_symbol_check=PASS
[INFO] [DEMO_SKIP] reason=KELLY_INVALID_LOT
[ERROR] Hermes ingest request failed for execution_events: HTTPSConnectionPool(host='bnb-trade-os.lovable.app', port=443): Max retries exceeded with url: /api/public/hermes-ingest (Caused by NewConnectionError("HTTPSConnection(host='bnb-trade-os.lovable.app', port=443): Failed to establish a new connection: [WinError 10013] An attempt was made to access a socket in a way forbidden by its access permissions"))
[ERROR] Failed table: execution_events
[INFO] [CYCLE] symbol=GOLD# status=ENTER_ANALYSIS_ONLY
[BOT_LOG_TIME] message="Hermes analysis cycle complete" utc_time=2026-06-01T19:50:49.373136+00:00 casablanca_time=2026-06-01T20:50:49.373136+01:00 broker_time_estimate=2026-06-01T22:50:50+00:00 session_name=NEW_YORK time_gate_status=PASS
[ERROR] Hermes ingest request failed for bot_logs: HTTPSConnectionPool(host='bnb-trade-os.lovable.app', port=443): Max retries exceeded with url: /api/public/hermes-ingest (Caused by NewConnectionError("HTTPSConnection(host='bnb-trade-os.lovable.app', port=443): Failed to establish a new connection: [WinError 10013] An attempt was made to access a socket in a way forbidden by its access permissions"))
[ERROR] Failed table: bot_logs
[ERROR] Hermes ingest request failed for market_candles: HTTPSConnectionPool(host='bnb-trade-os.lovable.app', port=443): Max retries exceeded with url: /api/public/hermes-ingest (Caused by NewConnectionError("HTTPSConnection(host='bnb-trade-os.lovable.app', port=443): Failed to establish a new connection: [WinError 10013] An attempt was made to access a socket in a way forbidden by its access permissions"))
[ERROR] Failed table: market_candles
[ERROR] Hermes ingest request failed for market_candles: HTTPSConnectionPool(host='bnb-trade-os.lovable.app', port=443): Max retries exceeded with url: /api/public/hermes-ingest (Caused by NewConnectionError("HTTPSConnection(host='bnb-trade-os.lovable.app', port=443): Failed to establish a new connection: [WinError 10013] An attempt was made to access a socket in a way forbidden by its access permissions"))
[ERROR] Failed table: market_candles
[ERROR] Hermes ingest request failed for market_candles: HTTPSConnectionPool(host='bnb-trade-os.lovable.app', port=443): Max retries exceeded with url: /api/public/hermes-ingest (Caused by NewConnectionError("HTTPSConnection(host='bnb-trade-os.lovable.app', port=443): Failed to establish a new connection: [WinError 10013] An attempt was made to access a socket in a way forbidden by its access permissions"))
[ERROR] Failed table: market_candles
[ERROR] Hermes ingest request failed for market_candles: HTTPSConnectionPool(host='bnb-trade-os.lovable.app', port=443): Max retries exceeded with url: /api/public/hermes-ingest (Caused by NewConnectionError("HTTPSConnection(host='bnb-trade-os.lovable.app', port=443): Failed to establish a new connection: [WinError 10013] An attempt was made to access a socket in a way forbidden by its access permissions"))
[ERROR] Failed table: market_candles
[ERROR] Hermes ingest request failed for market_candles: HTTPSConnectionPool(host='bnb-trade-os.lovable.app', port=443): Max retries exceeded with url: /api/public/hermes-ingest (Caused by NewConnectionError("HTTPSConnection(host='bnb-trade-os.lovable.app', port=443): Failed to establish a new connection: [WinError 10013] An attempt was made to access a socket in a way forbidden by its access permissions"))
[ERROR] Failed table: market_candles
[TIME_GATE] symbol=EURUSD utc=2026-06-01T19:50:49.822513+00:00 local=2026-06-01T20:50:49.822513+01:00 broker=2026-06-01T22:50:47+00:00 session=NEW_YORK market_open=True bad_hour=False decision=PASS reason=TIME_GATE_PASS
[SESSION_DIAG] utc_hour=19 local_hour=20 broker_hour=22 session=NEW_YORK time_gate=PASS
[INFO] [SPREAD_DIAG] symbol=EURUSD broker_symbol=EURUSD spread=18.0 point=1e-05 digits=5 bid=1.16306 ask=1.16324 max_spread=30.0 spread_status=OK
[INFO] [MTFA] symbol=EURUSD h1_bias=NEUTRAL m15_liquidity=True m5_cisd=False direction=SELL mode=TAG_ONLY status=FAIL reason=H1_BIAS_MISMATCH,NO_M5_CISD score=40
[INFO] [MTF_STRUCTURE] symbol=EURUSD h4_bias=RANGE h4_zone=NONE m15_confirmation=False m1_entry=False direction=WAIT status=FAIL score=0 reason=PRICE_NOT_AT_H4_ZONE,NO_M15_STRUCTURE_SHIFT,NO_M1_ENTRY_CONFIRMATION
[INFO] [SMC_TAGGER] symbol=EURUSD direction=SELL h4=RANGE h1=RANGE m15=False score=30 status=FAIL reason=NO_M15_CONFIRMATION,NO_M5_CONFIRMATION,LOW_SMC_CONFLUENCE_SCORE
[ERROR] Hermes ingest request failed for market_states: HTTPSConnectionPool(host='bnb-trade-os.lovable.app', port=443): Max retries exceeded with url: /api/public/hermes-ingest (Caused by NewConnectionError("HTTPSConnection(host='bnb-trade-os.lovable.app', port=443): Failed to establish a new connection: [WinError 10013] An attempt was made to access a socket in a way forbidden by its access permissions"))
[ERROR] Failed table: market_states
[ERROR] Hermes ingest request failed for markov_predictions: HTTPSConnectionPool(host='bnb-trade-os.lovable.app', port=443): Max retries exceeded with url: /api/public/hermes-ingest (Caused by NewConnectionError("HTTPSConnection(host='bnb-trade-os.lovable.app', port=443): Failed to establish a new connection: [WinError 10013] An attempt was made to access a socket in a way forbidden by its access permissions"))
[ERROR] Failed table: markov_predictions
[ERROR] Hermes ingest request failed for strategy_signals: HTTPSConnectionPool(host='bnb-trade-os.lovable.app', port=443): Max retries exceeded with url: /api/public/hermes-ingest (Caused by NewConnectionError("HTTPSConnection(host='bnb-trade-os.lovable.app', port=443): Failed to establish a new connection: [WinError 10013] An attempt was made to access a socket in a way forbidden by its access permissions"))
[ERROR] Failed table: strategy_signals
[ERROR] Hermes ingest request failed for strategy_signals: HTTPSConnectionPool(host='bnb-trade-os.lovable.app', port=443): Max retries exceeded with url: /api/public/hermes-ingest (Caused by NewConnectionError("HTTPSConnection(host='bnb-trade-os.lovable.app', port=443): Failed to establish a new connection: [WinError 10013] An attempt was made to access a socket in a way forbidden by its access permissions"))
[ERROR] Failed table: strategy_signals
[ERROR] Hermes ingest request failed for strategy_signals: HTTPSConnectionPool(host='bnb-trade-os.lovable.app', port=443): Max retries exceeded with url: /api/public/hermes-ingest (Caused by NewConnectionError("HTTPSConnection(host='bnb-trade-os.lovable.app', port=443): Failed to establish a new connection: [WinError 10013] An attempt was made to access a socket in a way forbidden by its access permissions"))
[ERROR] Failed table: strategy_signals
[ERROR] Hermes ingest request failed for strategy_signals: HTTPSConnectionPool(host='bnb-trade-os.lovable.app', port=443): Max retries exceeded with url: /api/public/hermes-ingest (Caused by NewConnectionError("HTTPSConnection(host='bnb-trade-os.lovable.app', port=443): Failed to establish a new connection: [WinError 10013] An attempt was made to access a socket in a way forbidden by its access permissions"))
[ERROR] Failed table: strategy_signals
[ERROR] Hermes ingest request failed for strategy_signals: HTTPSConnectionPool(host='bnb-trade-os.lovable.app', port=443): Max retries exceeded with url: /api/public/hermes-ingest (Caused by NewConnectionError("HTTPSConnection(host='bnb-trade-os.lovable.app', port=443): Failed to establish a new connection: [WinError 10013] An attempt was made to access a socket in a way forbidden by its access permissions"))
[ERROR] Failed table: strategy_signals
[ERROR] Hermes ingest request failed for strategy_signals: HTTPSConnectionPool(host='bnb-trade-os.lovable.app', port=443): Max retries exceeded with url: /api/public/hermes-ingest (Caused by NewConnectionError("HTTPSConnection(host='bnb-trade-os.lovable.app', port=443): Failed to establish a new connection: [WinError 10013] An attempt was made to access a socket in a way forbidden by its access permissions"))
[ERROR] Failed table: strategy_signals
[ERROR] Hermes ingest request failed for strategy_signals: HTTPSConnectionPool(host='bnb-trade-os.lovable.app', port=443): Max retries exceeded with url: /api/public/hermes-ingest (Caused by NewConnectionError("HTTPSConnection(host='bnb-trade-os.lovable.app', port=443): Failed to establish a new connection: [WinError 10013] An attempt was made to access a socket in a way forbidden by its access permissions"))
[ERROR] Failed table: strategy_signals
[ERROR] Hermes ingest request failed for strategy_signals: HTTPSConnectionPool(host='bnb-trade-os.lovable.app', port=443): Max retries exceeded with url: /api/public/hermes-ingest (Caused by NewConnectionError("HTTPSConnection(host='bnb-trade-os.lovable.app', port=443): Failed to establish a new connection: [WinError 10013] An attempt was made to access a socket in a way forbidden by its access permissions"))
[ERROR] Failed table: strategy_signals
[ERROR] Hermes ingest request failed for kelly_risk: HTTPSConnectionPool(host='bnb-trade-os.lovable.app', port=443): Max retries exceeded with url: /api/public/hermes-ingest (Caused by NewConnectionError("HTTPSConnection(host='bnb-trade-os.lovable.app', port=443): Failed to establish a new connection: [WinError 10013] An attempt was made to access a socket in a way forbidden by its access permissions"))
[ERROR] Failed table: kelly_risk
[SAFETY_GUARD] status=PASS reason=SAFETY_GUARD_PASS
[SAFETY_GUARD] status=PASS reason=SAFETY_GUARD_PASS
[SAFETY_GUARD] status=PASS reason=SAFETY_GUARD_PASS
[SAFETY_GUARD] status=PASS reason=SAFETY_GUARD_PASS
[SAFETY_GUARD] status=PASS reason=SAFETY_GUARD_PASS
[SAFETY_GUARD] status=BLOCK reason=EMA_PULLBACK_WEAK_CONTEXT
[SAFETY_GUARD] status=PASS reason=SAFETY_GUARD_PASS
[SAFETY_GUARD] status=PASS reason=SAFETY_GUARD_PASS
[SETUP_HUNTER] symbol=EURUSD best=FIB_OTE_RETEST direction=WAIT score=76 grade=B demo_eligible=false missing=NO_TRADE_DIRECTION,SMC_FAIL,SMC_SCORE_LT_70,MTFA_FAIL,MTFA_SCORE_LT_60,WAITING_FOR_M15_CONFIRMATION,BIG_SETUP_GRADE_BELOW_B
[NEAR_MISS] symbol=EURUSD strategy=FIB_OTE_RETEST direction=WAIT score=76 missing=NO_TRADE_DIRECTION,SMC_FAIL,SMC_SCORE_LT_70,MTFA_FAIL,MTFA_SCORE_LT_60,WAITING_FOR_M15_CONFIRMATION,BIG_SETUP_GRADE_BELOW_B
[ERROR] Hermes ingest request failed for execution_events: HTTPSConnectionPool(host='bnb-trade-os.lovable.app', port=443): Max retries exceeded with url: /api/public/hermes-ingest (Caused by NewConnectionError("HTTPSConnection(host='bnb-trade-os.lovable.app', port=443): Failed to establish a new connection: [WinError 10013] An attempt was made to access a socket in a way forbidden by its access permissions"))
[ERROR] Failed table: execution_events
[ERROR] Hermes ingest request failed for execution_events: HTTPSConnectionPool(host='bnb-trade-os.lovable.app', port=443): Max retries exceeded with url: /api/public/hermes-ingest (Caused by NewConnectionError("HTTPSConnection(host='bnb-trade-os.lovable.app', port=443): Failed to establish a new connection: [WinError 10013] An attempt was made to access a socket in a way forbidden by its access permissions"))
[ERROR] Failed table: execution_events
[ERROR] Hermes ingest request failed for hermes_agents: HTTPSConnectionPool(host='bnb-trade-os.lovable.app', port=443): Max retries exceeded with url: /api/public/hermes-ingest (Caused by NewConnectionError("HTTPSConnection(host='bnb-trade-os.lovable.app', port=443): Failed to establish a new connection: [WinError 10013] An attempt was made to access a socket in a way forbidden by its access permissions"))
[ERROR] Failed table: hermes_agents
[ERROR] Hermes ingest request failed for ai_decisions: HTTPSConnectionPool(host='bnb-trade-os.lovable.app', port=443): Max retries exceeded with url: /api/public/hermes-ingest (Caused by NewConnectionError("HTTPSConnection(host='bnb-trade-os.lovable.app', port=443): Failed to establish a new connection: [WinError 10013] An attempt was made to access a socket in a way forbidden by its access permissions"))
[ERROR] Failed table: ai_decisions
[TIME_GATE] symbol=EURUSD utc=2026-06-01T19:50:50.075630+00:00 local=2026-06-01T20:50:50.075630+01:00 broker=2026-06-01T22:50:47+00:00 session=NEW_YORK market_open=True bad_hour=False decision=PASS reason=TIME_GATE_PASS
[SESSION_DIAG] utc_hour=19 local_hour=20 broker_hour=22 session=NEW_YORK time_gate=PASS
[SAFETY_GUARD] status=PASS reason=SAFETY_GUARD_PASS
[INFO] [KELLY_DEMO] symbol=EURUSD kelly_lot=1.0 capped_lot=0.01 risk_pct=0.00499494
[INFO] [DEMO_GATE] symbol=EURUSD decision=BLOCK reason=MTFA_FAIL raw_symbol=EURUSD broker_symbol=EURUSD allowed_symbol_check=PASS
[INFO] [DEMO_SKIP] reason=MTFA_FAIL
[ERROR] Hermes ingest request failed for execution_events: HTTPSConnectionPool(host='bnb-trade-os.lovable.app', port=443): Max retries exceeded with url: /api/public/hermes-ingest (Caused by NewConnectionError("HTTPSConnection(host='bnb-trade-os.lovable.app', port=443): Failed to establish a new connection: [WinError 10013] An attempt was made to access a socket in a way forbidden by its access permissions"))
[ERROR] Failed table: execution_events
[INFO] [CYCLE] symbol=EURUSD status=ENTER_ANALYSIS_ONLY
[BOT_LOG_TIME] message="Hermes analysis cycle complete" utc_time=2026-06-01T19:50:49.822513+00:00 casablanca_time=2026-06-01T20:50:49.822513+01:00 broker_time_estimate=2026-06-01T22:50:47+00:00 session_name=NEW_YORK time_gate_status=PASS
[ERROR] Hermes ingest request failed for bot_logs: HTTPSConnectionPool(host='bnb-trade-os.lovable.app', port=443): Max retries exceeded with url: /api/public/hermes-ingest (Caused by NewConnectionError("HTTPSConnection(host='bnb-trade-os.lovable.app', port=443): Failed to establish a new connection: [WinError 10013] An attempt was made to access a socket in a way forbidden by its access permissions"))
[ERROR] Failed table: bot_logs
[ERROR] Hermes ingest request failed for nightly_reports: HTTPSConnectionPool(host='bnb-trade-os.lovable.app', port=443): Max retries exceeded with url: /api/public/hermes-ingest (Caused by NewConnectionError("HTTPSConnection(host='bnb-trade-os.lovable.app', port=443): Failed to establish a new connection: [WinError 10013] An attempt was made to access a socket in a way forbidden by its access permissions"))
[ERROR] Failed table: nightly_reports
[INFO] [CYCLE] completed analyzed=3 skipped=0 paper_opened=0 paper_closed=0 demo_orders=0
[ERROR] Hermes ingest request failed for bot_status: HTTPSConnectionPool(host='bnb-trade-os.lovable.app', port=443): Max retries exceeded with url: /api/public/hermes-ingest (Caused by NewConnectionError("HTTPSConnection(host='bnb-trade-os.lovable.app', port=443): Failed to establish a new connection: [WinError 10013] An attempt was made to access a socket in a way forbidden by its access permissions"))
[ERROR] Failed table: bot_status
[ERROR] Hermes ingest request failed for hermes_agents: HTTPSConnectionPool(host='bnb-trade-os.lovable.app', port=443): Max retries exceeded with url: /api/public/hermes-ingest (Caused by NewConnectionError("HTTPSConnection(host='bnb-trade-os.lovable.app', port=443): Failed to establish a new connection: [WinError 10013] An attempt was made to access a socket in a way forbidden by its access permissions"))
[ERROR] Failed table: hermes_agents
[INFO] [DASHBOARD_STATUS] component=dashboard_status mode=DEMO_PILOT_24H account_type=DEMO demo_pilot_enabled=true allow_live_trading=false utc_time=2026-06-01T19:50:49.822513+00:00
[DASHBOARD_STATUS] component=dashboard_status mode=DEMO_PILOT_24H account_type=DEMO demo_pilot_enabled=true allow_live_trading=false utc_time=2026-06-01T19:50:49.822513+00:00
[ERROR] Hermes ingest update request failed for bot_status: HTTPSConnectionPool(host='bnb-trade-os.lovable.app', port=443): Max retries exceeded with url: /api/public/hermes-ingest (Caused by NewConnectionError("HTTPSConnection(host='bnb-trade-os.lovable.app', port=443): Failed to establish a new connection: [WinError 10013] An attempt was made to access a socket in a way forbidden by its access permissions"))
[ERROR] Failed table: bot_status
[ERROR] Hermes ingest update request failed for bot_status: HTTPSConnectionPool(host='bnb-trade-os.lovable.app', port=443): Max retries exceeded with url: /api/public/hermes-ingest (Caused by NewConnectionError("HTTPSConnection(host='bnb-trade-os.lovable.app', port=443): Failed to establish a new connection: [WinError 10013] An attempt was made to access a socket in a way forbidden by its access permissions"))
[ERROR] Failed table: bot_status
[ERROR] Hermes ingest update request failed for bot_status: HTTPSConnectionPool(host='bnb-trade-os.lovable.app', port=443): Max retries exceeded with url: /api/public/hermes-ingest (Caused by NewConnectionError("HTTPSConnection(host='bnb-trade-os.lovable.app', port=443): Failed to establish a new connection: [WinError 10013] An attempt was made to access a socket in a way forbidden by its access permissions"))
[ERROR] Failed table: bot_status
[ERROR] Hermes ingest update request failed for bot_status: HTTPSConnectionPool(host='bnb-trade-os.lovable.app', port=443): Max retries exceeded with url: /api/public/hermes-ingest (Caused by NewConnectionError("HTTPSConnection(host='bnb-trade-os.lovable.app', port=443): Failed to establish a new connection: [WinError 10013] An attempt was made to access a socket in a way forbidden by its access permissions"))
[ERROR] Failed table: bot_status
[ERROR] Hermes ingest request failed for account_snapshots: HTTPSConnectionPool(host='bnb-trade-os.lovable.app', port=443): Max retries exceeded with url: /api/public/hermes-ingest (Caused by NewConnectionError("HTTPSConnection(host='bnb-trade-os.lovable.app', port=443): Failed to establish a new connection: [WinError 10013] An attempt was made to access a socket in a way forbidden by its access permissions"))
[ERROR] Failed table: account_snapshots
[ERROR] Hermes ingest request failed for account_snapshots: HTTPSConnectionPool(host='bnb-trade-os.lovable.app', port=443): Max retries exceeded with url: /api/public/hermes-ingest (Caused by NewConnectionError("HTTPSConnection(host='bnb-trade-os.lovable.app', port=443): Failed to establish a new connection: [WinError 10013] An attempt was made to access a socket in a way forbidden by its access permissions"))
[ERROR] Failed table: account_snapshots
[INFO] [CYCLE] started
[ERROR] Hermes ingest request failed for bot_status: HTTPSConnectionPool(host='bnb-trade-os.lovable.app', port=443): Max retries exceeded with url: /api/public/hermes-ingest (Caused by NewConnectionError("HTTPSConnection(host='bnb-trade-os.lovable.app', port=443): Failed to establish a new connection: [WinError 10013] An attempt was made to access a socket in a way forbidden by its access permissions"))
[ERROR] Failed table: bot_status
[ERROR] Hermes ingest request failed for hermes_agents: HTTPSConnectionPool(host='bnb-trade-os.lovable.app', port=443): Max retries exceeded with url: /api/public/hermes-ingest (Caused by NewConnectionError("HTTPSConnection(host='bnb-trade-os.lovable.app', port=443): Failed to establish a new connection: [WinError 10013] An attempt was made to access a socket in a way forbidden by its access permissions"))
[ERROR] Failed table: hermes_agents
[INFO] [DASHBOARD_STATUS] component=dashboard_status mode=DEMO_PILOT_24H account_type=DEMO demo_pilot_enabled=true allow_live_trading=false utc_time=2026-06-01T19:50:49.822513+00:00
[DASHBOARD_STATUS] component=dashboard_status mode=DEMO_PILOT_24H account_type=DEMO demo_pilot_enabled=true allow_live_trading=false utc_time=2026-06-01T19:50:49.822513+00:00
[ERROR] Hermes ingest update request failed for bot_status: HTTPSConnectionPool(host='bnb-trade-os.lovable.app', port=443): Max retries exceeded with url: /api/public/hermes-ingest (Caused by NewConnectionError("HTTPSConnection(host='bnb-trade-os.lovable.app', port=443): Failed to establish a new connection: [WinError 10013] An attempt was made to access a socket in a way forbidden by its access permissions"))
[ERROR] Failed table: bot_status
[ERROR] Hermes ingest update request failed for bot_status: HTTPSConnectionPool(host='bnb-trade-os.lovable.app', port=443): Max retries exceeded with url: /api/public/hermes-ingest (Caused by NewConnectionError("HTTPSConnection(host='bnb-trade-os.lovable.app', port=443): Failed to establish a new connection: [WinError 10013] An attempt was made to access a socket in a way forbidden by its access permissions"))
[ERROR] Failed table: bot_status
[ERROR] Hermes ingest update request failed for bot_status: HTTPSConnectionPool(host='bnb-trade-os.lovable.app', port=443): Max retries exceeded with url: /api/public/hermes-ingest (Caused by NewConnectionError("HTTPSConnection(host='bnb-trade-os.lovable.app', port=443): Failed to establish a new connection: [WinError 10013] An attempt was made to access a socket in a way forbidden by its access permissions"))
[ERROR] Failed table: bot_status
[ERROR] Hermes ingest update request failed for bot_status: HTTPSConnectionPool(host='bnb-trade-os.lovable.app', port=443): Max retries exceeded with url: /api/public/hermes-ingest (Caused by NewConnectionError("HTTPSConnection(host='bnb-trade-os.lovable.app', port=443): Failed to establish a new connection: [WinError 10013] An attempt was made to access a socket in a way forbidden by its access permissions"))
[ERROR] Failed table: bot_status
[ERROR] Hermes ingest request failed for account_snapshots: HTTPSConnectionPool(host='bnb-trade-os.lovable.app', port=443): Max retries exceeded with url: /api/public/hermes-ingest (Caused by NewConnectionError("HTTPSConnection(host='bnb-trade-os.lovable.app', port=443): Failed to establish a new connection: [WinError 10013] An attempt was made to access a socket in a way forbidden by its access permissions"))
[ERROR] Failed table: account_snapshots
[ERROR] Hermes ingest request failed for account_snapshots: HTTPSConnectionPool(host='bnb-trade-os.lovable.app', port=443): Max retries exceeded with url: /api/public/hermes-ingest (Caused by NewConnectionError("HTTPSConnection(host='bnb-trade-os.lovable.app', port=443): Failed to establish a new connection: [WinError 10013] An attempt was made to access a socket in a way forbidden by its access permissions"))
[ERROR] Failed table: account_snapshots
[TIME_GATE] symbol=BTCUSD utc=2026-06-01T19:50:53.733933+00:00 local=2026-06-01T20:50:53.733933+01:00 broker=2026-06-01T22:50:53+00:00 session=NEW_YORK market_open=True bad_hour=False decision=PASS reason=TIME_GATE_PASS
[SESSION_DIAG] utc_hour=19 local_hour=20 broker_hour=22 session=NEW_YORK time_gate=PASS
[INFO] [SPREAD_DIAG] symbol=BTCUSD broker_symbol=BTCUSD# spread=2250.0 point=0.01 digits=2 bid=71531.7 ask=71554.2 max_spread=2500.0 spread_status=OK
[INFO] [MTFA] symbol=BTCUSD h1_bias=NEUTRAL m15_liquidity=False m5_cisd=False direction=SELL mode=TAG_ONLY status=FAIL reason=H1_BIAS_MISMATCH,NO_M15_LIQUIDITY,NO_M5_CISD score=15
[INFO] [MTF_STRUCTURE] symbol=BTCUSD h4_bias=RANGE h4_zone=NONE m15_confirmation=False m1_entry=False direction=WAIT status=FAIL score=0 reason=PRICE_NOT_AT_H4_ZONE,NO_M15_STRUCTURE_SHIFT,NO_M1_ENTRY_CONFIRMATION
[INFO] [SMC_TAGGER] symbol=BTCUSD direction=SELL h4=RANGE h1=RANGE m15=False score=0 status=FAIL reason=NO_M15_CONFIRMATION,NO_M5_CONFIRMATION,NO_M1_ENTRY_CONFIRMATION,LOW_SMC_CONFLUENCE_SCORE
[ERROR] Hermes ingest request failed for market_states: HTTPSConnectionPool(host='bnb-trade-os.lovable.app', port=443): Max retries exceeded with url: /api/public/hermes-ingest (Caused by NewConnectionError("HTTPSConnection(host='bnb-trade-os.lovable.app', port=443): Failed to establish a new connection: [WinError 10013] An attempt was made to access a socket in a way forbidden by its access permissions"))
[ERROR] Failed table: market_states
[ERROR] Hermes ingest request failed for markov_predictions: HTTPSConnectionPool(host='bnb-trade-os.lovable.app', port=443): Max retries exceeded with url: /api/public/hermes-ingest (Caused by NewConnectionError("HTTPSConnection(host='bnb-trade-os.lovable.app', port=443): Failed to establish a new connection: [WinError 10013] An attempt was made to access a socket in a way forbidden by its access permissions"))
[ERROR] Failed table: markov_predictions
[ERROR] Hermes ingest request failed for strategy_signals: HTTPSConnectionPool(host='bnb-trade-os.lovable.app', port=443): Max retries exceeded with url: /api/public/hermes-ingest (Caused by NewConnectionError("HTTPSConnection(host='bnb-trade-os.lovable.app', port=443): Failed to establish a new connection: [WinError 10013] An attempt was made to access a socket in a way forbidden by its access permissions"))
[ERROR] Failed table: strategy_signals
[ERROR] Hermes ingest request failed for strategy_signals: HTTPSConnectionPool(host='bnb-trade-os.lovable.app', port=443): Max retries exceeded with url: /api/public/hermes-ingest (Caused by NewConnectionError("HTTPSConnection(host='bnb-trade-os.lovable.app', port=443): Failed to establish a new connection: [WinError 10013] An attempt was made to access a socket in a way forbidden by its access permissions"))
[ERROR] Failed table: strategy_signals
[ERROR] Hermes ingest request failed for strategy_signals: HTTPSConnectionPool(host='bnb-trade-os.lovable.app', port=443): Max retries exceeded with url: /api/public/hermes-ingest (Caused by NewConnectionError("HTTPSConnection(host='bnb-trade-os.lovable.app', port=443): Failed to establish a new connection: [WinError 10013] An attempt was made to access a socket in a way forbidden by its access permissions"))
[ERROR] Failed table: strategy_signals
[ERROR] Hermes ingest request failed for strategy_signals: HTTPSConnectionPool(host='bnb-trade-os.lovable.app', port=443): Max retries exceeded with url: /api/public/hermes-ingest (Caused by NewConnectionError("HTTPSConnection(host='bnb-trade-os.lovable.app', port=443): Failed to establish a new connection: [WinError 10013] An attempt was made to access a socket in a way forbidden by its access permissions"))
[ERROR] Failed table: strategy_signals
[ERROR] Hermes ingest request failed for strategy_signals: HTTPSConnectionPool(host='bnb-trade-os.lovable.app', port=443): Max retries exceeded with url: /api/public/hermes-ingest (Caused by NewConnectionError("HTTPSConnection(host='bnb-trade-os.lovable.app', port=443): Failed to establish a new connection: [WinError 10013] An attempt was made to access a socket in a way forbidden by its access permissions"))
[ERROR] Failed table: strategy_signals
[ERROR] Hermes ingest request failed for strategy_signals: HTTPSConnectionPool(host='bnb-trade-os.lovable.app', port=443): Max retries exceeded with url: /api/public/hermes-ingest (Caused by NewConnectionError("HTTPSConnection(host='bnb-trade-os.lovable.app', port=443): Failed to establish a new connection: [WinError 10013] An attempt was made to access a socket in a way forbidden by its access permissions"))
[ERROR] Failed table: strategy_signals
[ERROR] Hermes ingest request failed for strategy_signals: HTTPSConnectionPool(host='bnb-trade-os.lovable.app', port=443): Max retries exceeded with url: /api/public/hermes-ingest (Caused by NewConnectionError("HTTPSConnection(host='bnb-trade-os.lovable.app', port=443): Failed to establish a new connection: [WinError 10013] An attempt was made to access a socket in a way forbidden by its access permissions"))
[ERROR] Failed table: strategy_signals
[ERROR] Hermes ingest request failed for strategy_signals: HTTPSConnectionPool(host='bnb-trade-os.lovable.app', port=443): Max retries exceeded with url: /api/public/hermes-ingest (Caused by NewConnectionError("HTTPSConnection(host='bnb-trade-os.lovable.app', port=443): Failed to establish a new connection: [WinError 10013] An attempt was made to access a socket in a way forbidden by its access permissions"))
[ERROR] Failed table: strategy_signals
[ERROR] Hermes ingest request failed for kelly_risk: HTTPSConnectionPool(host='bnb-trade-os.lovable.app', port=443): Max retries exceeded with url: /api/public/hermes-ingest (Caused by NewConnectionError("HTTPSConnection(host='bnb-trade-os.lovable.app', port=443): Failed to establish a new connection: [WinError 10013] An attempt was made to access a socket in a way forbidden by its access permissions"))
[ERROR] Failed table: kelly_risk
[SAFETY_GUARD] status=PASS reason=SAFETY_GUARD_PASS
[SAFETY_GUARD] status=PASS reason=SAFETY_GUARD_PASS
[SAFETY_GUARD] status=PASS reason=SAFETY_GUARD_PASS
[SAFETY_GUARD] status=PASS reason=SAFETY_GUARD_PASS
[SAFETY_GUARD] status=PASS reason=SAFETY_GUARD_PASS
[SAFETY_GUARD] status=BLOCK reason=EMA_PULLBACK_WEAK_CONTEXT
[SAFETY_GUARD] status=PASS reason=SAFETY_GUARD_PASS
[SAFETY_GUARD] status=PASS reason=SAFETY_GUARD_PASS
[SETUP_HUNTER] symbol=BTCUSD best=TREND_CONTINUATION_BREAKDOWN direction=SELL score=76 grade=B demo_eligible=false missing=SMC_FAIL,SMC_SCORE_LT_70,MTFA_FAIL,MTFA_SCORE_LT_60,LOW_SETUP_SCORE,BIG_SETUP_GRADE_BELOW_B
[NEAR_MISS] symbol=BTCUSD strategy=TREND_CONTINUATION_BREAKDOWN direction=SELL score=76 missing=SMC_FAIL,SMC_SCORE_LT_70,MTFA_FAIL,MTFA_SCORE_LT_60,LOW_SETUP_SCORE,BIG_SETUP_GRADE_BELOW_B
[ERROR] Hermes ingest request failed for execution_events: HTTPSConnectionPool(host='bnb-trade-os.lovable.app', port=443): Max retries exceeded with url: /api/public/hermes-ingest (Caused by NewConnectionError("HTTPSConnection(host='bnb-trade-os.lovable.app', port=443): Failed to establish a new connection: [WinError 10013] An attempt was made to access a socket in a way forbidden by its access permissions"))
[ERROR] Failed table: execution_events
[ERROR] Hermes ingest request failed for execution_events: HTTPSConnectionPool(host='bnb-trade-os.lovable.app', port=443): Max retries exceeded with url: /api/public/hermes-ingest (Caused by NewConnectionError("HTTPSConnection(host='bnb-trade-os.lovable.app', port=443): Failed to establish a new connection: [WinError 10013] An attempt was made to access a socket in a way forbidden by its access permissions"))
[ERROR] Failed table: execution_events
[ERROR] Hermes ingest request failed for hermes_agents: HTTPSConnectionPool(host='bnb-trade-os.lovable.app', port=443): Max retries exceeded with url: /api/public/hermes-ingest (Caused by NewConnectionError("HTTPSConnection(host='bnb-trade-os.lovable.app', port=443): Failed to establish a new connection: [WinError 10013] An attempt was made to access a socket in a way forbidden by its access permissions"))
[ERROR] Failed table: hermes_agents
[ERROR] Hermes ingest request failed for ai_decisions: HTTPSConnectionPool(host='bnb-trade-os.lovable.app', port=443): Max retries exceeded with url: /api/public/hermes-ingest (Caused by NewConnectionError("HTTPSConnection(host='bnb-trade-os.lovable.app', port=443): Failed to establish a new connection: [WinError 10013] An attempt was made to access a socket in a way forbidden by its access permissions"))
[ERROR] Failed table: ai_decisions
[TIME_GATE] symbol=BTCUSD# utc=2026-06-01T19:50:53.994768+00:00 local=2026-06-01T20:50:53.994768+01:00 broker=2026-06-01T22:50:53+00:00 session=NEW_YORK market_open=True bad_hour=False decision=PASS reason=TIME_GATE_PASS
[SESSION_DIAG] utc_hour=19 local_hour=20 broker_hour=22 session=NEW_YORK time_gate=PASS
[SAFETY_GUARD] status=PASS reason=SAFETY_GUARD_PASS
[INFO] [KELLY_DEMO] symbol=BTCUSD# kelly_lot=0.39 capped_lot=0.01 risk_pct=0.01279247
[INFO] [DEMO_GATE] symbol=BTCUSD# decision=BLOCK reason=MTFA_FAIL raw_symbol=BTCUSD broker_symbol=BTCUSD# allowed_symbol_check=PASS
[INFO] [DEMO_SKIP] reason=MTFA_FAIL
[ERROR] Hermes ingest request failed for execution_events: HTTPSConnectionPool(host='bnb-trade-os.lovable.app', port=443): Max retries exceeded with url: /api/public/hermes-ingest (Caused by NewConnectionError("HTTPSConnection(host='bnb-trade-os.lovable.app', port=443): Failed to establish a new connection: [WinError 10013] An attempt was made to access a socket in a way forbidden by its access permissions"))
[ERROR] Failed table: execution_events
[INFO] [CYCLE] symbol=BTCUSD status=ENTER_ANALYSIS_ONLY
[BOT_LOG_TIME] message="Hermes analysis cycle complete" utc_time=2026-06-01T19:50:53.733933+00:00 casablanca_time=2026-06-01T20:50:53.733933+01:00 broker_time_estimate=2026-06-01T22:50:53+00:00 session_name=NEW_YORK time_gate_status=PASS
[ERROR] Hermes ingest request failed for bot_logs: HTTPSConnectionPool(host='bnb-trade-os.lovable.app', port=443): Max retries exceeded with url: /api/public/hermes-ingest (Caused by NewConnectionError("HTTPSConnection(host='bnb-trade-os.lovable.app', port=443): Failed to establish a new connection: [WinError 10013] An attempt was made to access a socket in a way forbidden by its access permissions"))
[ERROR] Failed table: bot_logs
[TIME_GATE] symbol=GOLD# utc=2026-06-01T19:50:54.133977+00:00 local=2026-06-01T20:50:54.133977+01:00 broker=2026-06-01T22:50:55+00:00 session=NEW_YORK market_open=True bad_hour=False decision=PASS reason=TIME_GATE_PASS
[SESSION_DIAG] utc_hour=19 local_hour=20 broker_hour=22 session=NEW_YORK time_gate=PASS
[INFO] [SPREAD_DIAG] symbol=GOLD# broker_symbol=GOLD# spread=24.0 point=0.01 digits=2 bid=4481.74 ask=4482.04 max_spread=50.0 spread_status=OK
[INFO] [MTFA] symbol=GOLD# h1_bias=NEUTRAL m15_liquidity=False m5_cisd=True direction=SELL mode=TAG_ONLY status=FAIL reason=H1_BIAS_MISMATCH,NO_M15_LIQUIDITY score=40
[INFO] [MTF_STRUCTURE] symbol=GOLD# h4_bias=RANGE h4_zone=NONE m15_confirmation=False m1_entry=False direction=WAIT status=FAIL score=0 reason=PRICE_NOT_AT_H4_ZONE,NO_M15_STRUCTURE_SHIFT,NO_M1_ENTRY_CONFIRMATION
[INFO] [SMC_TAGGER] symbol=GOLD# direction=SELL h4=RANGE h1=RANGE m15=True score=30 status=FAIL reason=LOW_SMC_CONFLUENCE_SCORE
[ERROR] Hermes ingest request failed for market_states: HTTPSConnectionPool(host='bnb-trade-os.lovable.app', port=443): Max retries exceeded with url: /api/public/hermes-ingest (Caused by NewConnectionError("HTTPSConnection(host='bnb-trade-os.lovable.app', port=443): Failed to establish a new connection: [WinError 10013] An attempt was made to access a socket in a way forbidden by its access permissions"))
[ERROR] Failed table: market_states
[ERROR] Hermes ingest request failed for markov_predictions: HTTPSConnectionPool(host='bnb-trade-os.lovable.app', port=443): Max retries exceeded with url: /api/public/hermes-ingest (Caused by NewConnectionError("HTTPSConnection(host='bnb-trade-os.lovable.app', port=443): Failed to establish a new connection: [WinError 10013] An attempt was made to access a socket in a way forbidden by its access permissions"))
[ERROR] Failed table: markov_predictions
[ERROR] Hermes ingest request failed for strategy_signals: HTTPSConnectionPool(host='bnb-trade-os.lovable.app', port=443): Max retries exceeded with url: /api/public/hermes-ingest (Caused by NewConnectionError("HTTPSConnection(host='bnb-trade-os.lovable.app', port=443): Failed to establish a new connection: [WinError 10013] An attempt was made to access a socket in a way forbidden by its access permissions"))
[ERROR] Failed table: strategy_signals
[ERROR] Hermes ingest request failed for strategy_signals: HTTPSConnectionPool(host='bnb-trade-os.lovable.app', port=443): Max retries exceeded with url: /api/public/hermes-ingest (Caused by NewConnectionError("HTTPSConnection(host='bnb-trade-os.lovable.app', port=443): Failed to establish a new connection: [WinError 10013] An attempt was made to access a socket in a way forbidden by its access permissions"))
[ERROR] Failed table: strategy_signals
[ERROR] Hermes ingest request failed for strategy_signals: HTTPSConnectionPool(host='bnb-trade-os.lovable.app', port=443): Max retries exceeded with url: /api/public/hermes-ingest (Caused by NewConnectionError("HTTPSConnection(host='bnb-trade-os.lovable.app', port=443): Failed to establish a new connection: [WinError 10013] An attempt was made to access a socket in a way forbidden by its access permissions"))
[ERROR] Failed table: strategy_signals
[ERROR] Hermes ingest request failed for strategy_signals: HTTPSConnectionPool(host='bnb-trade-os.lovable.app', port=443): Max retries exceeded with url: /api/public/hermes-ingest (Caused by NewConnectionError("HTTPSConnection(host='bnb-trade-os.lovable.app', port=443): Failed to establish a new connection: [WinError 10013] An attempt was made to access a socket in a way forbidden by its access permissions"))
[ERROR] Failed table: strategy_signals
[ERROR] Hermes ingest request failed for strategy_signals: HTTPSConnectionPool(host='bnb-trade-os.lovable.app', port=443): Max retries exceeded with url: /api/public/hermes-ingest (Caused by NewConnectionError("HTTPSConnection(host='bnb-trade-os.lovable.app', port=443): Failed to establish a new connection: [WinError 10013] An attempt was made to access a socket in a way forbidden by its access permissions"))
[ERROR] Failed table: strategy_signals
[ERROR] Hermes ingest request failed for strategy_signals: HTTPSConnectionPool(host='bnb-trade-os.lovable.app', port=443): Max retries exceeded with url: /api/public/hermes-ingest (Caused by NewConnectionError("HTTPSConnection(host='bnb-trade-os.lovable.app', port=443): Failed to establish a new connection: [WinError 10013] An attempt was made to access a socket in a way forbidden by its access permissions"))
[ERROR] Failed table: strategy_signals
[ERROR] Hermes ingest request failed for strategy_signals: HTTPSConnectionPool(host='bnb-trade-os.lovable.app', port=443): Max retries exceeded with url: /api/public/hermes-ingest (Caused by NewConnectionError("HTTPSConnection(host='bnb-trade-os.lovable.app', port=443): Failed to establish a new connection: [WinError 10013] An attempt was made to access a socket in a way forbidden by its access permissions"))
[ERROR] Failed table: strategy_signals
[ERROR] Hermes ingest request failed for strategy_signals: HTTPSConnectionPool(host='bnb-trade-os.lovable.app', port=443): Max retries exceeded with url: /api/public/hermes-ingest (Caused by NewConnectionError("HTTPSConnection(host='bnb-trade-os.lovable.app', port=443): Failed to establish a new connection: [WinError 10013] An attempt was made to access a socket in a way forbidden by its access permissions"))
[ERROR] Failed table: strategy_signals
[ERROR] Hermes ingest request failed for kelly_risk: HTTPSConnectionPool(host='bnb-trade-os.lovable.app', port=443): Max retries exceeded with url: /api/public/hermes-ingest (Caused by NewConnectionError("HTTPSConnection(host='bnb-trade-os.lovable.app', port=443): Failed to establish a new connection: [WinError 10013] An attempt was made to access a socket in a way forbidden by its access permissions"))
[ERROR] Failed table: kelly_risk
[SAFETY_GUARD] status=PASS reason=SAFETY_GUARD_PASS
[SAFETY_GUARD] status=PASS reason=SAFETY_GUARD_PASS
[SAFETY_GUARD] status=PASS reason=SAFETY_GUARD_PASS
[SAFETY_GUARD] status=PASS reason=SAFETY_GUARD_PASS
[SAFETY_GUARD] status=PASS reason=SAFETY_GUARD_PASS
[SAFETY_GUARD] status=BLOCK reason=EMA_PULLBACK_WEAK_CONTEXT
[SAFETY_GUARD] status=PASS reason=SAFETY_GUARD_PASS
[SAFETY_GUARD] status=PASS reason=SAFETY_GUARD_PASS
[SETUP_HUNTER] symbol=GOLD# best=TREND_CONTINUATION_BREAKDOWN direction=SELL score=96 grade=A demo_eligible=false missing=SMC_FAIL,SMC_SCORE_LT_70,MTFA_FAIL,MTFA_SCORE_LT_60,BIG_SETUP_GRADE_BELOW_B
[NEAR_MISS] symbol=GOLD# strategy=TREND_CONTINUATION_BREAKDOWN direction=SELL score=96 missing=SMC_FAIL,SMC_SCORE_LT_70,MTFA_FAIL,MTFA_SCORE_LT_60,BIG_SETUP_GRADE_BELOW_B
[ERROR] Hermes ingest request failed for execution_events: HTTPSConnectionPool(host='bnb-trade-os.lovable.app', port=443): Max retries exceeded with url: /api/public/hermes-ingest (Caused by NewConnectionError("HTTPSConnection(host='bnb-trade-os.lovable.app', port=443): Failed to establish a new connection: [WinError 10013] An attempt was made to access a socket in a way forbidden by its access permissions"))
[ERROR] Failed table: execution_events
[ERROR] Hermes ingest request failed for execution_events: HTTPSConnectionPool(host='bnb-trade-os.lovable.app', port=443): Max retries exceeded with url: /api/public/hermes-ingest (Caused by NewConnectionError("HTTPSConnection(host='bnb-trade-os.lovable.app', port=443): Failed to establish a new connection: [WinError 10013] An attempt was made to access a socket in a way forbidden by its access permissions"))
[ERROR] Failed table: execution_events
[ERROR] Hermes ingest request failed for hermes_agents: HTTPSConnectionPool(host='bnb-trade-os.lovable.app', port=443): Max retries exceeded with url: /api/public/hermes-ingest (Caused by NewConnectionError("HTTPSConnection(host='bnb-trade-os.lovable.app', port=443): Failed to establish a new connection: [WinError 10013] An attempt was made to access a socket in a way forbidden by its access permissions"))
[ERROR] Failed table: hermes_agents
[ERROR] Hermes ingest request failed for ai_decisions: HTTPSConnectionPool(host='bnb-trade-os.lovable.app', port=443): Max retries exceeded with url: /api/public/hermes-ingest (Caused by NewConnectionError("HTTPSConnection(host='bnb-trade-os.lovable.app', port=443): Failed to establish a new connection: [WinError 10013] An attempt was made to access a socket in a way forbidden by its access permissions"))
[ERROR] Failed table: ai_decisions
[TIME_GATE] symbol=GOLD# utc=2026-06-01T19:50:54.327950+00:00 local=2026-06-01T20:50:54.327950+01:00 broker=2026-06-01T22:50:55+00:00 session=NEW_YORK market_open=True bad_hour=False decision=PASS reason=TIME_GATE_PASS
[SESSION_DIAG] utc_hour=19 local_hour=20 broker_hour=22 session=NEW_YORK time_gate=PASS
[SAFETY_GUARD] status=PASS reason=SAFETY_GUARD_PASS
[INFO] [KELLY_DEMO] symbol=GOLD# kelly_lot=0.08 capped_lot=0.01 risk_pct=0.04775856
[INFO] [DEMO_GATE] symbol=GOLD# decision=BLOCK reason=MTFA_FAIL raw_symbol=GOLD# broker_symbol=GOLD# allowed_symbol_check=PASS
[INFO] [DEMO_SKIP] reason=MTFA_FAIL
[ERROR] Hermes ingest request failed for execution_events: HTTPSConnectionPool(host='bnb-trade-os.lovable.app', port=443): Max retries exceeded with url: /api/public/hermes-ingest (Caused by NewConnectionError("HTTPSConnection(host='bnb-trade-os.lovable.app', port=443): Failed to establish a new connection: [WinError 10013] An attempt was made to access a socket in a way forbidden by its access permissions"))
[ERROR] Failed table: execution_events
[INFO] [CYCLE] symbol=GOLD# status=ENTER_ANALYSIS_ONLY
[BOT_LOG_TIME] message="Hermes analysis cycle complete" utc_time=2026-06-01T19:50:54.133977+00:00 casablanca_time=2026-06-01T20:50:54.133977+01:00 broker_time_estimate=2026-06-01T22:50:55+00:00 session_name=NEW_YORK time_gate_status=PASS
[ERROR] Hermes ingest request failed for bot_logs: HTTPSConnectionPool(host='bnb-trade-os.lovable.app', port=443): Max retries exceeded with url: /api/public/hermes-ingest (Caused by NewConnectionError("HTTPSConnection(host='bnb-trade-os.lovable.app', port=443): Failed to establish a new connection: [WinError 10013] An attempt was made to access a socket in a way forbidden by its access permissions"))
[ERROR] Failed table: bot_logs
[TIME_GATE] symbol=EURUSD utc=2026-06-01T19:50:54.509809+00:00 local=2026-06-01T20:50:54.509809+01:00 broker=2026-06-01T22:50:47+00:00 session=NEW_YORK market_open=True bad_hour=False decision=PASS reason=TIME_GATE_PASS
[SESSION_DIAG] utc_hour=19 local_hour=20 broker_hour=22 session=NEW_YORK time_gate=PASS
[INFO] [SPREAD_DIAG] symbol=EURUSD broker_symbol=EURUSD spread=18.0 point=1e-05 digits=5 bid=1.16306 ask=1.16324 max_spread=30.0 spread_status=OK
[INFO] [MTFA] symbol=EURUSD h1_bias=NEUTRAL m15_liquidity=True m5_cisd=False direction=SELL mode=TAG_ONLY status=FAIL reason=H1_BIAS_MISMATCH,NO_M5_CISD score=40
[INFO] [MTF_STRUCTURE] symbol=EURUSD h4_bias=RANGE h4_zone=NONE m15_confirmation=False m1_entry=False direction=WAIT status=FAIL score=0 reason=PRICE_NOT_AT_H4_ZONE,NO_M15_STRUCTURE_SHIFT,NO_M1_ENTRY_CONFIRMATION
[INFO] [SMC_TAGGER] symbol=EURUSD direction=SELL h4=RANGE h1=RANGE m15=False score=30 status=FAIL reason=NO_M15_CONFIRMATION,NO_M5_CONFIRMATION,LOW_SMC_CONFLUENCE_SCORE
[ERROR] Hermes ingest request failed for market_states: HTTPSConnectionPool(host='bnb-trade-os.lovable.app', port=443): Max retries exceeded with url: /api/public/hermes-ingest (Caused by NewConnectionError("HTTPSConnection(host='bnb-trade-os.lovable.app', port=443): Failed to establish a new connection: [WinError 10013] An attempt was made to access a socket in a way forbidden by its access permissions"))
[ERROR] Failed table: market_states
[ERROR] Hermes ingest request failed for markov_predictions: HTTPSConnectionPool(host='bnb-trade-os.lovable.app', port=443): Max retries exceeded with url: /api/public/hermes-ingest (Caused by NewConnectionError("HTTPSConnection(host='bnb-trade-os.lovable.app', port=443): Failed to establish a new connection: [WinError 10013] An attempt was made to access a socket in a way forbidden by its access permissions"))
[ERROR] Failed table: markov_predictions
[ERROR] Hermes ingest request failed for strategy_signals: HTTPSConnectionPool(host='bnb-trade-os.lovable.app', port=443): Max retries exceeded with url: /api/public/hermes-ingest (Caused by NewConnectionError("HTTPSConnection(host='bnb-trade-os.lovable.app', port=443): Failed to establish a new connection: [WinError 10013] An attempt was made to access a socket in a way forbidden by its access permissions"))
[ERROR] Failed table: strategy_signals
[ERROR] Hermes ingest request failed for strategy_signals: HTTPSConnectionPool(host='bnb-trade-os.lovable.app', port=443): Max retries exceeded with url: /api/public/hermes-ingest (Caused by NewConnectionError("HTTPSConnection(host='bnb-trade-os.lovable.app', port=443): Failed to establish a new connection: [WinError 10013] An attempt was made to access a socket in a way forbidden by its access permissions"))
[ERROR] Failed table: strategy_signals
[ERROR] Hermes ingest request failed for strategy_signals: HTTPSConnectionPool(host='bnb-trade-os.lovable.app', port=443): Max retries exceeded with url: /api/public/hermes-ingest (Caused by NewConnectionError("HTTPSConnection(host='bnb-trade-os.lovable.app', port=443): Failed to establish a new connection: [WinError 10013] An attempt was made to access a socket in a way forbidden by its access permissions"))
[ERROR] Failed table: strategy_signals
[ERROR] Hermes ingest request failed for strategy_signals: HTTPSConnectionPool(host='bnb-trade-os.lovable.app', port=443): Max retries exceeded with url: /api/public/hermes-ingest (Caused by NewConnectionError("HTTPSConnection(host='bnb-trade-os.lovable.app', port=443): Failed to establish a new connection: [WinError 10013] An attempt was made to access a socket in a way forbidden by its access permissions"))
[ERROR] Failed table: strategy_signals
[ERROR] Hermes ingest request failed for strategy_signals: HTTPSConnectionPool(host='bnb-trade-os.lovable.app', port=443): Max retries exceeded with url: /api/public/hermes-ingest (Caused by NewConnectionError("HTTPSConnection(host='bnb-trade-os.lovable.app', port=443): Failed to establish a new connection: [WinError 10013] An attempt was made to access a socket in a way forbidden by its access permissions"))
[ERROR] Failed table: strategy_signals
[ERROR] Hermes ingest request failed for strategy_signals: HTTPSConnectionPool(host='bnb-trade-os.lovable.app', port=443): Max retries exceeded with url: /api/public/hermes-ingest (Caused by NewConnectionError("HTTPSConnection(host='bnb-trade-os.lovable.app', port=443): Failed to establish a new connection: [WinError 10013] An attempt was made to access a socket in a way forbidden by its access permissions"))
[ERROR] Failed table: strategy_signals
[ERROR] Hermes ingest request failed for strategy_signals: HTTPSConnectionPool(host='bnb-trade-os.lovable.app', port=443): Max retries exceeded with url: /api/public/hermes-ingest (Caused by NewConnectionError("HTTPSConnection(host='bnb-trade-os.lovable.app', port=443): Failed to establish a new connection: [WinError 10013] An attempt was made to access a socket in a way forbidden by its access permissions"))
[ERROR] Failed table: strategy_signals
[ERROR] Hermes ingest request failed for strategy_signals: HTTPSConnectionPool(host='bnb-trade-os.lovable.app', port=443): Max retries exceeded with url: /api/public/hermes-ingest (Caused by NewConnectionError("HTTPSConnection(host='bnb-trade-os.lovable.app', port=443): Failed to establish a new connection: [WinError 10013] An attempt was made to access a socket in a way forbidden by its access permissions"))
[ERROR] Failed table: strategy_signals
[ERROR] Hermes ingest request failed for kelly_risk: HTTPSConnectionPool(host='bnb-trade-os.lovable.app', port=443): Max retries exceeded with url: /api/public/hermes-ingest (Caused by NewConnectionError("HTTPSConnection(host='bnb-trade-os.lovable.app', port=443): Failed to establish a new connection: [WinError 10013] An attempt was made to access a socket in a way forbidden by its access permissions"))
[ERROR] Failed table: kelly_risk
[SAFETY_GUARD] status=PASS reason=SAFETY_GUARD_PASS
[SAFETY_GUARD] status=PASS reason=SAFETY_GUARD_PASS
[SAFETY_GUARD] status=PASS reason=SAFETY_GUARD_PASS
[SAFETY_GUARD] status=PASS reason=SAFETY_GUARD_PASS
[SAFETY_GUARD] status=PASS reason=SAFETY_GUARD_PASS
[SAFETY_GUARD] status=BLOCK reason=EMA_PULLBACK_WEAK_CONTEXT
[SAFETY_GUARD] status=PASS reason=SAFETY_GUARD_PASS
[SAFETY_GUARD] status=PASS reason=SAFETY_GUARD_PASS
[SETUP_HUNTER] symbol=EURUSD best=FIB_OTE_RETEST direction=WAIT score=76 grade=B demo_eligible=false missing=NO_TRADE_DIRECTION,SMC_FAIL,SMC_SCORE_LT_70,MTFA_FAIL,MTFA_SCORE_LT_60,WAITING_FOR_M15_CONFIRMATION,BIG_SETUP_GRADE_BELOW_B
[NEAR_MISS] symbol=EURUSD strategy=FIB_OTE_RETEST direction=WAIT score=76 missing=NO_TRADE_DIRECTION,SMC_FAIL,SMC_SCORE_LT_70,MTFA_FAIL,MTFA_SCORE_LT_60,WAITING_FOR_M15_CONFIRMATION,BIG_SETUP_GRADE_BELOW_B
[ERROR] Hermes ingest request failed for execution_events: HTTPSConnectionPool(host='bnb-trade-os.lovable.app', port=443): Max retries exceeded with url: /api/public/hermes-ingest (Caused by NewConnectionError("HTTPSConnection(host='bnb-trade-os.lovable.app', port=443): Failed to establish a new connection: [WinError 10013] An attempt was made to access a socket in a way forbidden by its access permissions"))
[ERROR] Failed table: execution_events
[ERROR] Hermes ingest request failed for execution_events: HTTPSConnectionPool(host='bnb-trade-os.lovable.app', port=443): Max retries exceeded with url: /api/public/hermes-ingest (Caused by NewConnectionError("HTTPSConnection(host='bnb-trade-os.lovable.app', port=443): Failed to establish a new connection: [WinError 10013] An attempt was made to access a socket in a way forbidden by its access permissions"))
[ERROR] Failed table: execution_events
[ERROR] Hermes ingest request failed for hermes_agents: HTTPSConnectionPool(host='bnb-trade-os.lovable.app', port=443): Max retries exceeded with url: /api/public/hermes-ingest (Caused by NewConnectionError("HTTPSConnection(host='bnb-trade-os.lovable.app', port=443): Failed to establish a new connection: [WinError 10013] An attempt was made to access a socket in a way forbidden by its access permissions"))
[ERROR] Failed table: hermes_agents
[ERROR] Hermes ingest request failed for ai_decisions: HTTPSConnectionPool(host='bnb-trade-os.lovable.app', port=443): Max retries exceeded with url: /api/public/hermes-ingest (Caused by NewConnectionError("HTTPSConnection(host='bnb-trade-os.lovable.app', port=443): Failed to establish a new connection: [WinError 10013] An attempt was made to access a socket in a way forbidden by its access permissions"))
[ERROR] Failed table: ai_decisions
[TIME_GATE] symbol=EURUSD utc=2026-06-01T19:50:54.813202+00:00 local=2026-06-01T20:50:54.813202+01:00 broker=2026-06-01T22:50:47+00:00 session=NEW_YORK market_open=True bad_hour=False decision=PASS reason=TIME_GATE_PASS
[SESSION_DIAG] utc_hour=19 local_hour=20 broker_hour=22 session=NEW_YORK time_gate=PASS
[SAFETY_GUARD] status=PASS reason=SAFETY_GUARD_PASS
[INFO] [KELLY_DEMO] symbol=EURUSD kelly_lot=1.0 capped_lot=0.01 risk_pct=0.00499494
[INFO] [DEMO_GATE] symbol=EURUSD decision=BLOCK reason=MTFA_FAIL raw_symbol=EURUSD broker_symbol=EURUSD allowed_symbol_check=PASS
[INFO] [DEMO_SKIP] reason=MTFA_FAIL
[ERROR] Hermes ingest request failed for execution_events: HTTPSConnectionPool(host='bnb-trade-os.lovable.app', port=443): Max retries exceeded with url: /api/public/hermes-ingest (Caused by NewConnectionError("HTTPSConnection(host='bnb-trade-os.lovable.app', port=443): Failed to establish a new connection: [WinError 10013] An attempt was made to access a socket in a way forbidden by its access permissions"))
[ERROR] Failed table: execution_events
[INFO] [CYCLE] symbol=EURUSD status=ENTER_ANALYSIS_ONLY
[BOT_LOG_TIME] message="Hermes analysis cycle complete" utc_time=2026-06-01T19:50:54.509809+00:00 casablanca_time=2026-06-01T20:50:54.509809+01:00 broker_time_estimate=2026-06-01T22:50:47+00:00 session_name=NEW_YORK time_gate_status=PASS
[ERROR] Hermes ingest request failed for bot_logs: HTTPSConnectionPool(host='bnb-trade-os.lovable.app', port=443): Max retries exceeded with url: /api/public/hermes-ingest (Caused by NewConnectionError("HTTPSConnection(host='bnb-trade-os.lovable.app', port=443): Failed to establish a new connection: [WinError 10013] An attempt was made to access a socket in a way forbidden by its access permissions"))
[ERROR] Failed table: bot_logs
[ERROR] Hermes ingest request failed for nightly_reports: HTTPSConnectionPool(host='bnb-trade-os.lovable.app', port=443): Max retries exceeded with url: /api/public/hermes-ingest (Caused by NewConnectionError("HTTPSConnection(host='bnb-trade-os.lovable.app', port=443): Failed to establish a new connection: [WinError 10013] An attempt was made to access a socket in a way forbidden by its access permissions"))
[ERROR] Failed table: nightly_reports
[INFO] [CYCLE] completed analyzed=3 skipped=0 paper_opened=0 paper_closed=0 demo_orders=0
[ERROR] Hermes ingest request failed for bot_status: HTTPSConnectionPool(host='bnb-trade-os.lovable.app', port=443): Max retries exceeded with url: /api/public/hermes-ingest (Caused by NewConnectionError("HTTPSConnection(host='bnb-trade-os.lovable.app', port=443): Failed to establish a new connection: [WinError 10013] An attempt was made to access a socket in a way forbidden by its access permissions"))
[ERROR] Failed table: bot_status
[ERROR] Hermes ingest request failed for hermes_agents: HTTPSConnectionPool(host='bnb-trade-os.lovable.app', port=443): Max retries exceeded with url: /api/public/hermes-ingest (Caused by NewConnectionError("HTTPSConnection(host='bnb-trade-os.lovable.app', port=443): Failed to establish a new connection: [WinError 10013] An attempt was made to access a socket in a way forbidden by its access permissions"))
[ERROR] Failed table: hermes_agents
[INFO] [DASHBOARD_STATUS] component=dashboard_status mode=DEMO_PILOT_24H account_type=DEMO demo_pilot_enabled=true allow_live_trading=false utc_time=2026-06-01T19:50:54.509809+00:00
[DASHBOARD_STATUS] component=dashboard_status mode=DEMO_PILOT_24H account_type=DEMO demo_pilot_enabled=true allow_live_trading=false utc_time=2026-06-01T19:50:54.509809+00:00
[ERROR] Hermes ingest update request failed for bot_status: HTTPSConnectionPool(host='bnb-trade-os.lovable.app', port=443): Max retries exceeded with url: /api/public/hermes-ingest (Caused by NewConnectionError("HTTPSConnection(host='bnb-trade-os.lovable.app', port=443): Failed to establish a new connection: [WinError 10013] An attempt was made to access a socket in a way forbidden by its access permissions"))
[ERROR] Failed table: bot_status
[ERROR] Hermes ingest update request failed for bot_status: HTTPSConnectionPool(host='bnb-trade-os.lovable.app', port=443): Max retries exceeded with url: /api/public/hermes-ingest (Caused by NewConnectionError("HTTPSConnection(host='bnb-trade-os.lovable.app', port=443): Failed to establish a new connection: [WinError 10013] An attempt was made to access a socket in a way forbidden by its access permissions"))
[ERROR] Failed table: bot_status
[ERROR] Hermes ingest update request failed for bot_status: HTTPSConnectionPool(host='bnb-trade-os.lovable.app', port=443): Max retries exceeded with url: /api/public/hermes-ingest (Caused by NewConnectionError("HTTPSConnection(host='bnb-trade-os.lovable.app', port=443): Failed to establish a new connection: [WinError 10013] An attempt was made to access a socket in a way forbidden by its access permissions"))
[ERROR] Failed table: bot_status
[ERROR] Hermes ingest update request failed for bot_status: HTTPSConnectionPool(host='bnb-trade-os.lovable.app', port=443): Max retries exceeded with url: /api/public/hermes-ingest (Caused by NewConnectionError("HTTPSConnection(host='bnb-trade-os.lovable.app', port=443): Failed to establish a new connection: [WinError 10013] An attempt was made to access a socket in a way forbidden by its access permissions"))
[ERROR] Failed table: bot_status
[ERROR] Hermes ingest request failed for account_snapshots: HTTPSConnectionPool(host='bnb-trade-os.lovable.app', port=443): Max retries exceeded with url: /api/public/hermes-ingest (Caused by NewConnectionError("HTTPSConnection(host='bnb-trade-os.lovable.app', port=443): Failed to establish a new connection: [WinError 10013] An attempt was made to access a socket in a way forbidden by its access permissions"))
[ERROR] Failed table: account_snapshots
[ERROR] Hermes ingest request failed for account_snapshots: HTTPSConnectionPool(host='bnb-trade-os.lovable.app', port=443): Max retries exceeded with url: /api/public/hermes-ingest (Caused by NewConnectionError("HTTPSConnection(host='bnb-trade-os.lovable.app', port=443): Failed to establish a new connection: [WinError 10013] An attempt was made to access a socket in a way forbidden by its access permissions"))
[ERROR] Failed table: account_snapshots
[INFO] [CYCLE] started
[ERROR] Hermes ingest request failed for bot_status: HTTPSConnectionPool(host='bnb-trade-os.lovable.app', port=443): Max retries exceeded with url: /api/public/hermes-ingest (Caused by NewConnectionError("HTTPSConnection(host='bnb-trade-os.lovable.app', port=443): Failed to establish a new connection: [WinError 10013] An attempt was made to access a socket in a way forbidden by its access permissions"))
[ERROR] Failed table: bot_status
[ERROR] Hermes ingest request failed for hermes_agents: HTTPSConnectionPool(host='bnb-trade-os.lovable.app', port=443): Max retries exceeded with url: /api/public/hermes-ingest (Caused by NewConnectionError("HTTPSConnection(host='bnb-trade-os.lovable.app', port=443): Failed to establish a new connection: [WinError 10013] An attempt was made to access a socket in a way forbidden by its access permissions"))
[ERROR] Failed table: hermes_agents
[INFO] [DASHBOARD_STATUS] component=dashboard_status mode=DEMO_PILOT_24H account_type=DEMO demo_pilot_enabled=true allow_live_trading=false utc_time=2026-06-01T19:50:54.509809+00:00
[DASHBOARD_STATUS] component=dashboard_status mode=DEMO_PILOT_24H account_type=DEMO demo_pilot_enabled=true allow_live_trading=false utc_time=2026-06-01T19:50:54.509809+00:00
[ERROR] Hermes ingest update request failed for bot_status: HTTPSConnectionPool(host='bnb-trade-os.lovable.app', port=443): Max retries exceeded with url: /api/public/hermes-ingest (Caused by NewConnectionError("HTTPSConnection(host='bnb-trade-os.lovable.app', port=443): Failed to establish a new connection: [WinError 10013] An attempt was made to access a socket in a way forbidden by its access permissions"))
[ERROR] Failed table: bot_status
[ERROR] Hermes ingest update request failed for bot_status: HTTPSConnectionPool(host='bnb-trade-os.lovable.app', port=443): Max retries exceeded with url: /api/public/hermes-ingest (Caused by NewConnectionError("HTTPSConnection(host='bnb-trade-os.lovable.app', port=443): Failed to establish a new connection: [WinError 10013] An attempt was made to access a socket in a way forbidden by its access permissions"))
[ERROR] Failed table: bot_status
[ERROR] Hermes ingest update request failed for bot_status: HTTPSConnectionPool(host='bnb-trade-os.lovable.app', port=443): Max retries exceeded with url: /api/public/hermes-ingest (Caused by NewConnectionError("HTTPSConnection(host='bnb-trade-os.lovable.app', port=443): Failed to establish a new connection: [WinError 10013] An attempt was made to access a socket in a way forbidden by its access permissions"))
[ERROR] Failed table: bot_status
[ERROR] Hermes ingest update request failed for bot_status: HTTPSConnectionPool(host='bnb-trade-os.lovable.app', port=443): Max retries exceeded with url: /api/public/hermes-ingest (Caused by NewConnectionError("HTTPSConnection(host='bnb-trade-os.lovable.app', port=443): Failed to establish a new connection: [WinError 10013] An attempt was made to access a socket in a way forbidden by its access permissions"))
[ERROR] Failed table: bot_status
[ERROR] Hermes ingest request failed for account_snapshots: HTTPSConnectionPool(host='bnb-trade-os.lovable.app', port=443): Max retries exceeded with url: /api/public/hermes-ingest (Caused by NewConnectionError("HTTPSConnection(host='bnb-trade-os.lovable.app', port=443): Failed to establish a new connection: [WinError 10013] An attempt was made to access a socket in a way forbidden by its access permissions"))
[ERROR] Failed table: account_snapshots
[ERROR] Hermes ingest request failed for account_snapshots: HTTPSConnectionPool(host='bnb-trade-os.lovable.app', port=443): Max retries exceeded with url: /api/public/hermes-ingest (Caused by NewConnectionError("HTTPSConnection(host='bnb-trade-os.lovable.app', port=443): Failed to establish a new connection: [WinError 10013] An attempt was made to access a socket in a way forbidden by its access permissions"))
[ERROR] Failed table: account_snapshots
[TIME_GATE] symbol=BTCUSD utc=2026-06-01T19:50:58.698584+00:00 local=2026-06-01T20:50:58.698584+01:00 broker=2026-06-01T22:50:56+00:00 session=NEW_YORK market_open=True bad_hour=False decision=PASS reason=TIME_GATE_PASS
[SESSION_DIAG] utc_hour=19 local_hour=20 broker_hour=22 session=NEW_YORK time_gate=PASS
[INFO] [SPREAD_DIAG] symbol=BTCUSD broker_symbol=BTCUSD# spread=2250.0 point=0.01 digits=2 bid=71542.1 ask=71564.6 max_spread=2500.0 spread_status=OK
