[INFO] Lovable ingest configured
[BOT_LOG_TIME] message="Hermes ingest startup test" utc_time=2026-06-01T19:09:17.628390+00:00 casablanca_time=2026-06-01T20:09:17.628390+01:00 broker_time_estimate=UNKNOWN session_name=UNKNOWN time_gate_status=UNKNOWN
[ERROR] Hermes ingest request failed for bot_logs: HTTPSConnectionPool(host='bnb-trade-os.lovable.app', port=443): Max retries exceeded with url: /api/public/hermes-ingest (Caused by NewConnectionError("HTTPSConnection(host='bnb-trade-os.lovable.app', port=443): Failed to establish a new connection: [WinError 10013] An attempt was made to access a socket in a way forbidden by its access permissions"))
[ERROR] Failed table: bot_logs
[ERROR] Hermes ingest request failed for bot_status: HTTPSConnectionPool(host='bnb-trade-os.lovable.app', port=443): Max retries exceeded with url: /api/public/hermes-ingest (Caused by NewConnectionError("HTTPSConnection(host='bnb-trade-os.lovable.app', port=443): Failed to establish a new connection: [WinError 10013] An attempt was made to access a socket in a way forbidden by its access permissions"))
[ERROR] Failed table: bot_status
[ERROR] Hermes ingest request failed for hermes_agents: HTTPSConnectionPool(host='bnb-trade-os.lovable.app', port=443): Max retries exceeded with url: /api/public/hermes-ingest (Caused by NewConnectionError("HTTPSConnection(host='bnb-trade-os.lovable.app', port=443): Failed to establish a new connection: [WinError 10013] An attempt was made to access a socket in a way forbidden by its access permissions"))
[ERROR] Failed table: hermes_agents
[INFO] MT5 connected
[INFO] Account detected
[INFO] [ACCOUNT_DIAG] login=345297734 trade_mode=0 account_type=DEMO name="Demo Account" server="XMGlobal-MT5 10" company="XM Global Limited" trade_allowed=True trade_expert=True
[INFO] [DEMO_PILOT] enabled=true hours=24 account_type=DEMO live_allowed=false
[ERROR] Hermes ingest request failed for bot_status: HTTPSConnectionPool(host='bnb-trade-os.lovable.app', port=443): Max retries exceeded with url: /api/public/hermes-ingest (Caused by NewConnectionError("HTTPSConnection(host='bnb-trade-os.lovable.app', port=443): Failed to establish a new connection: [WinError 10013] An attempt was made to access a socket in a way forbidden by its access permissions"))
[ERROR] Failed table: bot_status
[ERROR] Hermes ingest request failed for hermes_agents: HTTPSConnectionPool(host='bnb-trade-os.lovable.app', port=443): Max retries exceeded with url: /api/public/hermes-ingest (Caused by NewConnectionError("HTTPSConnection(host='bnb-trade-os.lovable.app', port=443): Failed to establish a new connection: [WinError 10013] An attempt was made to access a socket in a way forbidden by its access permissions"))
[ERROR] Failed table: hermes_agents
[INFO] [DASHBOARD_STATUS] component=dashboard_status mode=DEMO_PILOT_24H account_type=DEMO demo_pilot_enabled=true allow_live_trading=false utc_time=2026-06-01T19:09:17.687189+00:00
[DASHBOARD_STATUS] component=dashboard_status mode=DEMO_PILOT_24H account_type=DEMO demo_pilot_enabled=true allow_live_trading=false utc_time=2026-06-01T19:09:17.687189+00:00
[ERROR] Hermes ingest update request failed for bot_status: HTTPSConnectionPool(host='bnb-trade-os.lovable.app', port=443): Max retries exceeded with url: /api/public/hermes-ingest (Caused by NewConnectionError("HTTPSConnection(host='bnb-trade-os.lovable.app', port=443): Failed to establish a new connection: [WinError 10013] An attempt was made to access a socket in a way forbidden by its access permissions"))
[ERROR] Failed table: bot_status
[ERROR] Hermes ingest update request failed for bot_status: HTTPSConnectionPool(host='bnb-trade-os.lovable.app', port=443): Max retries exceeded with url: /api/public/hermes-ingest (Caused by NewConnectionError("HTTPSConnection(host='bnb-trade-os.lovable.app', port=443): Failed to establish a new connection: [WinError 10013] An attempt was made to access a socket in a way forbidden by its access permissions"))
[ERROR] Failed table: bot_status
[ERROR] Hermes ingest update request failed for bot_status: HTTPSConnectionPool(host='bnb-trade-os.lovable.app', port=443): Max retries exceeded with url: /api/public/hermes-ingest (Caused by NewConnectionError("HTTPSConnection(host='bnb-trade-os.lovable.app', port=443): Failed to establish a new connection: [WinError 10013] An attempt was made to access a socket in a way forbidden by its access permissions"))
[ERROR] Failed table: bot_status
[ERROR] Hermes ingest update request failed for bot_status: HTTPSConnectionPool(host='bnb-trade-os.lovable.app', port=443): Max retries exceeded with url: /api/public/hermes-ingest (Caused by NewConnectionError("HTTPSConnection(host='bnb-trade-os.lovable.app', port=443): Failed to establish a new connection: [WinError 10013] An attempt was made to access a socket in a way forbidden by its access permissions"))
[ERROR] Failed table: bot_status
[ERROR] Hermes ingest request failed for account_snapshots: HTTPSConnectionPool(host='bnb-trade-os.lovable.app', port=443): Max retries exceeded with url: /api/public/hermes-ingest (Caused by NewConnectionError("HTTPSConnection(host='bnb-trade-os.lovable.app', port=443): Failed to establish a new connection: [WinError 10013] An attempt was made to access a socket in a way forbidden by its access permissions"))
[ERROR] Failed table: account_snapshots
[ERROR] Hermes ingest request failed for account_snapshots: HTTPSConnectionPool(host='bnb-trade-os.lovable.app', port=443): Max retries exceeded with url: /api/public/hermes-ingest (Caused by NewConnectionError("HTTPSConnection(host='bnb-trade-os.lovable.app', port=443): Failed to establish a new connection: [WinError 10013] An attempt was made to access a socket in a way forbidden by its access permissions"))
[ERROR] Failed table: account_snapshots
[INFO] Requested symbols resolved
[INFO] BTCUSD -> BTCUSD#
[INFO] GOLD# -> GOLD#
[INFO] EURUSD -> EURUSD
[ERROR] Hermes ingest request failed for hermes_agents: HTTPSConnectionPool(host='bnb-trade-os.lovable.app', port=443): Max retries exceeded with url: /api/public/hermes-ingest (Caused by NewConnectionError("HTTPSConnection(host='bnb-trade-os.lovable.app', port=443): Failed to establish a new connection: [WinError 10013] An attempt was made to access a socket in a way forbidden by its access permissions"))
[ERROR] Failed table: hermes_agents
[INFO] [CYCLE] started
[ERROR] Hermes ingest request failed for bot_status: HTTPSConnectionPool(host='bnb-trade-os.lovable.app', port=443): Max retries exceeded with url: /api/public/hermes-ingest (Caused by NewConnectionError("HTTPSConnection(host='bnb-trade-os.lovable.app', port=443): Failed to establish a new connection: [WinError 10013] An attempt was made to access a socket in a way forbidden by its access permissions"))
[ERROR] Failed table: bot_status
[ERROR] Hermes ingest request failed for hermes_agents: HTTPSConnectionPool(host='bnb-trade-os.lovable.app', port=443): Max retries exceeded with url: /api/public/hermes-ingest (Caused by NewConnectionError("HTTPSConnection(host='bnb-trade-os.lovable.app', port=443): Failed to establish a new connection: [WinError 10013] An attempt was made to access a socket in a way forbidden by its access permissions"))
[ERROR] Failed table: hermes_agents
[INFO] [DASHBOARD_STATUS] component=dashboard_status mode=DEMO_PILOT_24H account_type=DEMO demo_pilot_enabled=true allow_live_trading=false utc_time=2026-06-01T19:09:17.918349+00:00
[DASHBOARD_STATUS] component=dashboard_status mode=DEMO_PILOT_24H account_type=DEMO demo_pilot_enabled=true allow_live_trading=false utc_time=2026-06-01T19:09:17.918349+00:00
[ERROR] Hermes ingest update request failed for bot_status: HTTPSConnectionPool(host='bnb-trade-os.lovable.app', port=443): Max retries exceeded with url: /api/public/hermes-ingest (Caused by NewConnectionError("HTTPSConnection(host='bnb-trade-os.lovable.app', port=443): Failed to establish a new connection: [WinError 10013] An attempt was made to access a socket in a way forbidden by its access permissions"))
[ERROR] Failed table: bot_status
[ERROR] Hermes ingest update request failed for bot_status: HTTPSConnectionPool(host='bnb-trade-os.lovable.app', port=443): Max retries exceeded with url: /api/public/hermes-ingest (Caused by NewConnectionError("HTTPSConnection(host='bnb-trade-os.lovable.app', port=443): Failed to establish a new connection: [WinError 10013] An attempt was made to access a socket in a way forbidden by its access permissions"))
[ERROR] Failed table: bot_status
[ERROR] Hermes ingest update request failed for bot_status: HTTPSConnectionPool(host='bnb-trade-os.lovable.app', port=443): Max retries exceeded with url: /api/public/hermes-ingest (Caused by NewConnectionError("HTTPSConnection(host='bnb-trade-os.lovable.app', port=443): Failed to establish a new connection: [WinError 10013] An attempt was made to access a socket in a way forbidden by its access permissions"))
[ERROR] Failed table: bot_status
[ERROR] Hermes ingest update request failed for bot_status: HTTPSConnectionPool(host='bnb-trade-os.lovable.app', port=443): Max retries exceeded with url: /api/public/hermes-ingest (Caused by NewConnectionError("HTTPSConnection(host='bnb-trade-os.lovable.app', port=443): Failed to establish a new connection: [WinError 10013] An attempt was made to access a socket in a way forbidden by its access permissions"))
[ERROR] Failed table: bot_status
[ERROR] Hermes ingest request failed for account_snapshots: HTTPSConnectionPool(host='bnb-trade-os.lovable.app', port=443): Max retries exceeded with url: /api/public/hermes-ingest (Caused by NewConnectionError("HTTPSConnection(host='bnb-trade-os.lovable.app', port=443): Failed to establish a new connection: [WinError 10013] An attempt was made to access a socket in a way forbidden by its access permissions"))
[ERROR] Failed table: account_snapshots
[ERROR] Hermes ingest request failed for account_snapshots: HTTPSConnectionPool(host='bnb-trade-os.lovable.app', port=443): Max retries exceeded with url: /api/public/hermes-ingest (Caused by NewConnectionError("HTTPSConnection(host='bnb-trade-os.lovable.app', port=443): Failed to establish a new connection: [WinError 10013] An attempt was made to access a socket in a way forbidden by its access permissions"))
[ERROR] Failed table: account_snapshots
[ERROR] Hermes ingest request failed for market_candles: HTTPSConnectionPool(host='bnb-trade-os.lovable.app', port=443): Max retries exceeded with url: /api/public/hermes-ingest (Caused by NewConnectionError("HTTPSConnection(host='bnb-trade-os.lovable.app', port=443): Failed to establish a new connection: [WinError 10013] An attempt was made to access a socket in a way forbidden by its access permissions"))
[ERROR] Failed table: market_candles
[ERROR] Hermes ingest request failed for market_candles: HTTPSConnectionPool(host='bnb-trade-os.lovable.app', port=443): Max retries exceeded with url: /api/public/hermes-ingest (Caused by NewConnectionError("HTTPSConnection(host='bnb-trade-os.lovable.app', port=443): Failed to establish a new connection: [WinError 10013] An attempt was made to access a socket in a way forbidden by its access permissions"))
[ERROR] Failed table: market_candles
[ERROR] Hermes ingest request failed for market_candles: HTTPSConnectionPool(host='bnb-trade-os.lovable.app', port=443): Max retries exceeded with url: /api/public/hermes-ingest (Caused by NewConnectionError("HTTPSConnection(host='bnb-trade-os.lovable.app', port=443): Failed to establish a new connection: [WinError 10013] An attempt was made to access a socket in a way forbidden by its access permissions"))
[ERROR] Failed table: market_candles
[ERROR] Hermes ingest request failed for market_candles: HTTPSConnectionPool(host='bnb-trade-os.lovable.app', port=443): Max retries exceeded with url: /api/public/hermes-ingest (Caused by NewConnectionError("HTTPSConnection(host='bnb-trade-os.lovable.app', port=443): Failed to establish a new connection: [WinError 10013] An attempt was made to access a socket in a way forbidden by its access permissions"))
[ERROR] Failed table: market_candles
[ERROR] Hermes ingest request failed for market_candles: HTTPSConnectionPool(host='bnb-trade-os.lovable.app', port=443): Max retries exceeded with url: /api/public/hermes-ingest (Caused by NewConnectionError("HTTPSConnection(host='bnb-trade-os.lovable.app', port=443): Failed to establish a new connection: [WinError 10013] An attempt was made to access a socket in a way forbidden by its access permissions"))
[ERROR] Failed table: market_candles
[TIME_GATE] symbol=BTCUSD utc=2026-06-01T19:09:18.147208+00:00 local=2026-06-01T20:09:18.147208+01:00 broker=2026-06-01T22:09:17+00:00 session=NEW_YORK market_open=True bad_hour=False decision=PASS reason=TIME_GATE_PASS
[SESSION_DIAG] utc_hour=19 local_hour=20 broker_hour=22 session=NEW_YORK time_gate=PASS
[INFO] [SPREAD_DIAG] symbol=BTCUSD broker_symbol=BTCUSD# spread=2250.0 point=0.01 digits=2 bid=71435.7 ask=71458.2 max_spread=2500.0 spread_status=OK
[INFO] [MTFA] symbol=BTCUSD h1_bias=NEUTRAL m15_liquidity=False m5_cisd=False direction=SELL mode=TAG_ONLY status=FAIL reason=H1_BIAS_MISMATCH,NO_M15_LIQUIDITY,NO_M5_CISD score=15
[INFO] [MTF_STRUCTURE] symbol=BTCUSD h4_bias=RANGE h4_zone=NONE m15_confirmation=False m1_entry=False direction=WAIT status=FAIL score=0 reason=PRICE_NOT_AT_H4_ZONE,NO_M15_STRUCTURE_SHIFT,NO_M1_ENTRY_CONFIRMATION
[INFO] [SMC_TAGGER] symbol=BTCUSD direction=SELL h4=RANGE h1=RANGE m15=False score=10 status=FAIL reason=NO_M15_CONFIRMATION,NO_M5_CONFIRMATION,NO_M1_ENTRY_CONFIRMATION,LOW_SMC_CONFLUENCE_SCORE
[ERROR] Hermes ingest request failed for market_states: HTTPSConnectionPool(host='bnb-trade-os.lovable.app', port=443): Max retries exceeded with url: /api/public/hermes-ingest (Caused by NewConnectionError("HTTPSConnection(host='bnb-trade-os.lovable.app', port=443): Failed to establish a new connection: [WinError 10013] An attempt was made to access a socket in a way forbidden by its access permissions"))
[ERROR] Failed table: market_states
[ERROR] Hermes ingest request failed for markov_predictions: HTTPSConnectionPool(host='bnb-trade-os.lovable.app', port=443): Max retries exceeded with url: /api/public/hermes-ingest (Caused by NewConnectionError("HTTPSConnection(host='bnb-trade-os.lovable.app', port=443): Failed to establish a new connection: [WinError 10013] An attempt was made to access a socket in a way forbidden by its access permissions"))
[ERROR] Failed table: markov_predictions
[ERROR] Hermes ingest request failed for strategy_signals: HTTPSConnectionPool(host='bnb-trade-os.lovable.app', port=443): Max retries exceeded with url: /api/public/hermes-ingest (Caused by NewConnectionError("HTTPSConnection(host='bnb-trade-os.lovable.app', port=443): Failed to establish a new connection: [WinError 10013] An attempt was made to access a socket in a way forbidden by its access permissions"))
[ERROR] Failed table: strategy_signals
[ERROR] Hermes ingest request failed for strategy_signals: HTTPSConnectionPool(host='bnb-trade-os.lovable.app', port=443): Max retries exceeded with url: /api/public/hermes-ingest (Caused by NewConnectionError("HTTPSConnection(host='bnb-trade-os.lovable.app', port=443): Failed to establish a new connection: [WinError 10013] An attempt was made to access a socket in a way forbidden by its access permissions"))
[ERROR] Failed table: strategy_signals
[ERROR] Hermes ingest request failed for strategy_signals: HTTPSConnectionPool(host='bnb-trade-os.lovable.app', port=443): Max retries exceeded with url: /api/public/hermes-ingest (Caused by NewConnectionError("HTTPSConnection(host='bnb-trade-os.lovable.app', port=443): Failed to establish a new connection: [WinError 10013] An attempt was made to access a socket in a way forbidden by its access permissions"))
[ERROR] Failed table: strategy_signals
[ERROR] Hermes ingest request failed for strategy_signals: HTTPSConnectionPool(host='bnb-trade-os.lovable.app', port=443): Max retries exceeded with url: /api/public/hermes-ingest (Caused by NewConnectionError("HTTPSConnection(host='bnb-trade-os.lovable.app', port=443): Failed to establish a new connection: [WinError 10013] An attempt was made to access a socket in a way forbidden by its access permissions"))
[ERROR] Failed table: strategy_signals
[ERROR] Hermes ingest request failed for strategy_signals: HTTPSConnectionPool(host='bnb-trade-os.lovable.app', port=443): Max retries exceeded with url: /api/public/hermes-ingest (Caused by NewConnectionError("HTTPSConnection(host='bnb-trade-os.lovable.app', port=443): Failed to establish a new connection: [WinError 10013] An attempt was made to access a socket in a way forbidden by its access permissions"))
[ERROR] Failed table: strategy_signals
[ERROR] Hermes ingest request failed for strategy_signals: HTTPSConnectionPool(host='bnb-trade-os.lovable.app', port=443): Max retries exceeded with url: /api/public/hermes-ingest (Caused by NewConnectionError("HTTPSConnection(host='bnb-trade-os.lovable.app', port=443): Failed to establish a new connection: [WinError 10013] An attempt was made to access a socket in a way forbidden by its access permissions"))
[ERROR] Failed table: strategy_signals
[ERROR] Hermes ingest request failed for strategy_signals: HTTPSConnectionPool(host='bnb-trade-os.lovable.app', port=443): Max retries exceeded with url: /api/public/hermes-ingest (Caused by NewConnectionError("HTTPSConnection(host='bnb-trade-os.lovable.app', port=443): Failed to establish a new connection: [WinError 10013] An attempt was made to access a socket in a way forbidden by its access permissions"))
[ERROR] Failed table: strategy_signals
[ERROR] Hermes ingest request failed for strategy_signals: HTTPSConnectionPool(host='bnb-trade-os.lovable.app', port=443): Max retries exceeded with url: /api/public/hermes-ingest (Caused by NewConnectionError("HTTPSConnection(host='bnb-trade-os.lovable.app', port=443): Failed to establish a new connection: [WinError 10013] An attempt was made to access a socket in a way forbidden by its access permissions"))
[ERROR] Failed table: strategy_signals
[ERROR] Hermes ingest request failed for kelly_risk: HTTPSConnectionPool(host='bnb-trade-os.lovable.app', port=443): Max retries exceeded with url: /api/public/hermes-ingest (Caused by NewConnectionError("HTTPSConnection(host='bnb-trade-os.lovable.app', port=443): Failed to establish a new connection: [WinError 10013] An attempt was made to access a socket in a way forbidden by its access permissions"))
[ERROR] Failed table: kelly_risk
[SAFETY_GUARD] status=PASS reason=SAFETY_GUARD_PASS
[SAFETY_GUARD] status=PASS reason=SAFETY_GUARD_PASS
[SAFETY_GUARD] status=PASS reason=SAFETY_GUARD_PASS
[SAFETY_GUARD] status=PASS reason=SAFETY_GUARD_PASS
[SAFETY_GUARD] status=PASS reason=SAFETY_GUARD_PASS
[SAFETY_GUARD] status=BLOCK reason=EMA_PULLBACK_WEAK_CONTEXT
[SAFETY_GUARD] status=PASS reason=SAFETY_GUARD_PASS
[SAFETY_GUARD] status=PASS reason=SAFETY_GUARD_PASS
[SETUP_HUNTER] symbol=BTCUSD best=TREND_CONTINUATION_BREAKDOWN direction=WAIT score=92 grade=A demo_eligible=false missing=NO_TRADE_DIRECTION,SMC_SCORE_LT_60,MTFA_SCORE_LT_50,WAITING_FOR_M1_TRIGGER,BIG_SETUP_GRADE_BELOW_B
[NEAR_MISS] symbol=BTCUSD strategy=TREND_CONTINUATION_BREAKDOWN direction=WAIT score=92 missing=NO_TRADE_DIRECTION,SMC_SCORE_LT_60,MTFA_SCORE_LT_50,WAITING_FOR_M1_TRIGGER,BIG_SETUP_GRADE_BELOW_B
[ERROR] Hermes ingest request failed for execution_events: HTTPSConnectionPool(host='bnb-trade-os.lovable.app', port=443): Max retries exceeded with url: /api/public/hermes-ingest (Caused by NewConnectionError("HTTPSConnection(host='bnb-trade-os.lovable.app', port=443): Failed to establish a new connection: [WinError 10013] An attempt was made to access a socket in a way forbidden by its access permissions"))
[ERROR] Failed table: execution_events
[ERROR] Hermes ingest request failed for execution_events: HTTPSConnectionPool(host='bnb-trade-os.lovable.app', port=443): Max retries exceeded with url: /api/public/hermes-ingest (Caused by NewConnectionError("HTTPSConnection(host='bnb-trade-os.lovable.app', port=443): Failed to establish a new connection: [WinError 10013] An attempt was made to access a socket in a way forbidden by its access permissions"))
[ERROR] Failed table: execution_events
[ERROR] Hermes ingest request failed for hermes_agents: HTTPSConnectionPool(host='bnb-trade-os.lovable.app', port=443): Max retries exceeded with url: /api/public/hermes-ingest (Caused by NewConnectionError("HTTPSConnection(host='bnb-trade-os.lovable.app', port=443): Failed to establish a new connection: [WinError 10013] An attempt was made to access a socket in a way forbidden by its access permissions"))
[ERROR] Failed table: hermes_agents
[ERROR] Hermes ingest request failed for ai_decisions: HTTPSConnectionPool(host='bnb-trade-os.lovable.app', port=443): Max retries exceeded with url: /api/public/hermes-ingest (Caused by NewConnectionError("HTTPSConnection(host='bnb-trade-os.lovable.app', port=443): Failed to establish a new connection: [WinError 10013] An attempt was made to access a socket in a way forbidden by its access permissions"))
[ERROR] Failed table: ai_decisions
[INFO] [CYCLE] symbol=BTCUSD status=ENTER_ANALYSIS_ONLY
[BOT_LOG_TIME] message="Hermes analysis cycle complete" utc_time=2026-06-01T19:09:18.147208+00:00 casablanca_time=2026-06-01T20:09:18.147208+01:00 broker_time_estimate=2026-06-01T22:09:17+00:00 session_name=NEW_YORK time_gate_status=PASS
[ERROR] Hermes ingest request failed for bot_logs: HTTPSConnectionPool(host='bnb-trade-os.lovable.app', port=443): Max retries exceeded with url: /api/public/hermes-ingest (Caused by NewConnectionError("HTTPSConnection(host='bnb-trade-os.lovable.app', port=443): Failed to establish a new connection: [WinError 10013] An attempt was made to access a socket in a way forbidden by its access permissions"))
[ERROR] Failed table: bot_logs
[ERROR] Hermes ingest request failed for market_candles: HTTPSConnectionPool(host='bnb-trade-os.lovable.app', port=443): Max retries exceeded with url: /api/public/hermes-ingest (Caused by NewConnectionError("HTTPSConnection(host='bnb-trade-os.lovable.app', port=443): Failed to establish a new connection: [WinError 10013] An attempt was made to access a socket in a way forbidden by its access permissions"))
[ERROR] Failed table: market_candles
[ERROR] Hermes ingest request failed for market_candles: HTTPSConnectionPool(host='bnb-trade-os.lovable.app', port=443): Max retries exceeded with url: /api/public/hermes-ingest (Caused by NewConnectionError("HTTPSConnection(host='bnb-trade-os.lovable.app', port=443): Failed to establish a new connection: [WinError 10013] An attempt was made to access a socket in a way forbidden by its access permissions"))
[ERROR] Failed table: market_candles
[ERROR] Hermes ingest request failed for market_candles: HTTPSConnectionPool(host='bnb-trade-os.lovable.app', port=443): Max retries exceeded with url: /api/public/hermes-ingest (Caused by NewConnectionError("HTTPSConnection(host='bnb-trade-os.lovable.app', port=443): Failed to establish a new connection: [WinError 10013] An attempt was made to access a socket in a way forbidden by its access permissions"))
[ERROR] Failed table: market_candles
[ERROR] Hermes ingest request failed for market_candles: HTTPSConnectionPool(host='bnb-trade-os.lovable.app', port=443): Max retries exceeded with url: /api/public/hermes-ingest (Caused by NewConnectionError("HTTPSConnection(host='bnb-trade-os.lovable.app', port=443): Failed to establish a new connection: [WinError 10013] An attempt was made to access a socket in a way forbidden by its access permissions"))
[ERROR] Failed table: market_candles
[ERROR] Hermes ingest request failed for market_candles: HTTPSConnectionPool(host='bnb-trade-os.lovable.app', port=443): Max retries exceeded with url: /api/public/hermes-ingest (Caused by NewConnectionError("HTTPSConnection(host='bnb-trade-os.lovable.app', port=443): Failed to establish a new connection: [WinError 10013] An attempt was made to access a socket in a way forbidden by its access permissions"))
[ERROR] Failed table: market_candles
[TIME_GATE] symbol=GOLD# utc=2026-06-01T19:09:18.485943+00:00 local=2026-06-01T20:09:18.485943+01:00 broker=2026-06-01T22:09:18+00:00 session=NEW_YORK market_open=True bad_hour=False decision=PASS reason=TIME_GATE_PASS
[SESSION_DIAG] utc_hour=19 local_hour=20 broker_hour=22 session=NEW_YORK time_gate=PASS
[INFO] [SPREAD_DIAG] symbol=GOLD# broker_symbol=GOLD# spread=24.0 point=0.01 digits=2 bid=4485.72 ask=4485.98 max_spread=50.0 spread_status=OK
[INFO] [MTFA] symbol=GOLD# h1_bias=NEUTRAL m15_liquidity=False m5_cisd=False direction=WAIT mode=TAG_ONLY status=NOT_APPLICABLE reason=NO_TRADE_DIRECTION score=0
[INFO] [MTF_STRUCTURE] symbol=GOLD# h4_bias=RANGE h4_zone=NONE m15_confirmation=False m1_entry=False direction=WAIT status=NOT_APPLICABLE score=0 reason=NO_TRADE_DIRECTION
[INFO] [SMC_TAGGER] symbol=GOLD# direction=WAIT h4=RANGE h1=RANGE m15=False score=0 status=NOT_APPLICABLE reason=NO_TRADE_DIRECTION
[ERROR] Hermes ingest request failed for market_states: HTTPSConnectionPool(host='bnb-trade-os.lovable.app', port=443): Max retries exceeded with url: /api/public/hermes-ingest (Caused by NewConnectionError("HTTPSConnection(host='bnb-trade-os.lovable.app', port=443): Failed to establish a new connection: [WinError 10013] An attempt was made to access a socket in a way forbidden by its access permissions"))
[ERROR] Failed table: market_states
[ERROR] Hermes ingest request failed for markov_predictions: HTTPSConnectionPool(host='bnb-trade-os.lovable.app', port=443): Max retries exceeded with url: /api/public/hermes-ingest (Caused by NewConnectionError("HTTPSConnection(host='bnb-trade-os.lovable.app', port=443): Failed to establish a new connection: [WinError 10013] An attempt was made to access a socket in a way forbidden by its access permissions"))
[ERROR] Failed table: markov_predictions
[ERROR] Hermes ingest request failed for strategy_signals: HTTPSConnectionPool(host='bnb-trade-os.lovable.app', port=443): Max retries exceeded with url: /api/public/hermes-ingest (Caused by NewConnectionError("HTTPSConnection(host='bnb-trade-os.lovable.app', port=443): Failed to establish a new connection: [WinError 10013] An attempt was made to access a socket in a way forbidden by its access permissions"))
[ERROR] Failed table: strategy_signals
[ERROR] Hermes ingest request failed for strategy_signals: HTTPSConnectionPool(host='bnb-trade-os.lovable.app', port=443): Max retries exceeded with url: /api/public/hermes-ingest (Caused by NewConnectionError("HTTPSConnection(host='bnb-trade-os.lovable.app', port=443): Failed to establish a new connection: [WinError 10013] An attempt was made to access a socket in a way forbidden by its access permissions"))
[ERROR] Failed table: strategy_signals
[ERROR] Hermes ingest request failed for strategy_signals: HTTPSConnectionPool(host='bnb-trade-os.lovable.app', port=443): Max retries exceeded with url: /api/public/hermes-ingest (Caused by NewConnectionError("HTTPSConnection(host='bnb-trade-os.lovable.app', port=443): Failed to establish a new connection: [WinError 10013] An attempt was made to access a socket in a way forbidden by its access permissions"))
[ERROR] Failed table: strategy_signals
[ERROR] Hermes ingest request failed for strategy_signals: HTTPSConnectionPool(host='bnb-trade-os.lovable.app', port=443): Max retries exceeded with url: /api/public/hermes-ingest (Caused by NewConnectionError("HTTPSConnection(host='bnb-trade-os.lovable.app', port=443): Failed to establish a new connection: [WinError 10013] An attempt was made to access a socket in a way forbidden by its access permissions"))
[ERROR] Failed table: strategy_signals
[ERROR] Hermes ingest request failed for strategy_signals: HTTPSConnectionPool(host='bnb-trade-os.lovable.app', port=443): Max retries exceeded with url: /api/public/hermes-ingest (Caused by NewConnectionError("HTTPSConnection(host='bnb-trade-os.lovable.app', port=443): Failed to establish a new connection: [WinError 10013] An attempt was made to access a socket in a way forbidden by its access permissions"))
[ERROR] Failed table: strategy_signals
[ERROR] Hermes ingest request failed for strategy_signals: HTTPSConnectionPool(host='bnb-trade-os.lovable.app', port=443): Max retries exceeded with url: /api/public/hermes-ingest (Caused by NewConnectionError("HTTPSConnection(host='bnb-trade-os.lovable.app', port=443): Failed to establish a new connection: [WinError 10013] An attempt was made to access a socket in a way forbidden by its access permissions"))
[ERROR] Failed table: strategy_signals
[ERROR] Hermes ingest request failed for strategy_signals: HTTPSConnectionPool(host='bnb-trade-os.lovable.app', port=443): Max retries exceeded with url: /api/public/hermes-ingest (Caused by NewConnectionError("HTTPSConnection(host='bnb-trade-os.lovable.app', port=443): Failed to establish a new connection: [WinError 10013] An attempt was made to access a socket in a way forbidden by its access permissions"))
[ERROR] Failed table: strategy_signals
[ERROR] Hermes ingest request failed for strategy_signals: HTTPSConnectionPool(host='bnb-trade-os.lovable.app', port=443): Max retries exceeded with url: /api/public/hermes-ingest (Caused by NewConnectionError("HTTPSConnection(host='bnb-trade-os.lovable.app', port=443): Failed to establish a new connection: [WinError 10013] An attempt was made to access a socket in a way forbidden by its access permissions"))
[ERROR] Failed table: strategy_signals
[ERROR] Hermes ingest request failed for kelly_risk: HTTPSConnectionPool(host='bnb-trade-os.lovable.app', port=443): Max retries exceeded with url: /api/public/hermes-ingest (Caused by NewConnectionError("HTTPSConnection(host='bnb-trade-os.lovable.app', port=443): Failed to establish a new connection: [WinError 10013] An attempt was made to access a socket in a way forbidden by its access permissions"))
[ERROR] Failed table: kelly_risk
[SAFETY_GUARD] status=PASS reason=SAFETY_GUARD_PASS
[SAFETY_GUARD] status=PASS reason=SAFETY_GUARD_PASS
[SAFETY_GUARD] status=PASS reason=SAFETY_GUARD_PASS
[SAFETY_GUARD] status=PASS reason=SAFETY_GUARD_PASS
[SAFETY_GUARD] status=PASS reason=SAFETY_GUARD_PASS
[SAFETY_GUARD] status=BLOCK reason=EMA_PULLBACK_LOW_SMC_SCORE
[SAFETY_GUARD] status=PASS reason=SAFETY_GUARD_PASS
[SAFETY_GUARD] status=PASS reason=SAFETY_GUARD_PASS
[SETUP_HUNTER] symbol=GOLD# best=FIB_OTE_RETEST direction=WAIT score=65 grade=C demo_eligible=false missing=NO_TRADE_DIRECTION,RR_TOO_LOW,SMC_SCORE_LT_60,MTFA_SCORE_LT_50,WAITING_FOR_M15_CONFIRMATION,WAITING_FOR_M1_TRIGGER,BIG_SETUP_GRADE_BELOW_B
[NEAR_MISS] symbol=GOLD# strategy=FIB_OTE_RETEST direction=WAIT score=65 missing=NO_TRADE_DIRECTION,RR_TOO_LOW,SMC_SCORE_LT_60,MTFA_SCORE_LT_50,WAITING_FOR_M15_CONFIRMATION,WAITING_FOR_M1_TRIGGER,BIG_SETUP_GRADE_BELOW_B
[ERROR] Hermes ingest request failed for execution_events: HTTPSConnectionPool(host='bnb-trade-os.lovable.app', port=443): Max retries exceeded with url: /api/public/hermes-ingest (Caused by NewConnectionError("HTTPSConnection(host='bnb-trade-os.lovable.app', port=443): Failed to establish a new connection: [WinError 10013] An attempt was made to access a socket in a way forbidden by its access permissions"))
[ERROR] Failed table: execution_events
[ERROR] Hermes ingest request failed for execution_events: HTTPSConnectionPool(host='bnb-trade-os.lovable.app', port=443): Max retries exceeded with url: /api/public/hermes-ingest (Caused by NewConnectionError("HTTPSConnection(host='bnb-trade-os.lovable.app', port=443): Failed to establish a new connection: [WinError 10013] An attempt was made to access a socket in a way forbidden by its access permissions"))
[ERROR] Failed table: execution_events
[ERROR] Hermes ingest request failed for hermes_agents: HTTPSConnectionPool(host='bnb-trade-os.lovable.app', port=443): Max retries exceeded with url: /api/public/hermes-ingest (Caused by NewConnectionError("HTTPSConnection(host='bnb-trade-os.lovable.app', port=443): Failed to establish a new connection: [WinError 10013] An attempt was made to access a socket in a way forbidden by its access permissions"))
[ERROR] Failed table: hermes_agents
[ERROR] Hermes ingest request failed for ai_decisions: HTTPSConnectionPool(host='bnb-trade-os.lovable.app', port=443): Max retries exceeded with url: /api/public/hermes-ingest (Caused by NewConnectionError("HTTPSConnection(host='bnb-trade-os.lovable.app', port=443): Failed to establish a new connection: [WinError 10013] An attempt was made to access a socket in a way forbidden by its access permissions"))
[ERROR] Failed table: ai_decisions
[INFO] [CYCLE] symbol=GOLD# status=WAIT_ANALYSIS_ONLY
[BOT_LOG_TIME] message="Hermes analysis cycle complete" utc_time=2026-06-01T19:09:18.485943+00:00 casablanca_time=2026-06-01T20:09:18.485943+01:00 broker_time_estimate=2026-06-01T22:09:18+00:00 session_name=NEW_YORK time_gate_status=PASS
[ERROR] Hermes ingest request failed for bot_logs: HTTPSConnectionPool(host='bnb-trade-os.lovable.app', port=443): Max retries exceeded with url: /api/public/hermes-ingest (Caused by NewConnectionError("HTTPSConnection(host='bnb-trade-os.lovable.app', port=443): Failed to establish a new connection: [WinError 10013] An attempt was made to access a socket in a way forbidden by its access permissions"))
[ERROR] Failed table: bot_logs
[ERROR] Hermes ingest request failed for market_candles: HTTPSConnectionPool(host='bnb-trade-os.lovable.app', port=443): Max retries exceeded with url: /api/public/hermes-ingest (Caused by NewConnectionError("HTTPSConnection(host='bnb-trade-os.lovable.app', port=443): Failed to establish a new connection: [WinError 10013] An attempt was made to access a socket in a way forbidden by its access permissions"))
[ERROR] Failed table: market_candles
[ERROR] Hermes ingest request failed for market_candles: HTTPSConnectionPool(host='bnb-trade-os.lovable.app', port=443): Max retries exceeded with url: /api/public/hermes-ingest (Caused by NewConnectionError("HTTPSConnection(host='bnb-trade-os.lovable.app', port=443): Failed to establish a new connection: [WinError 10013] An attempt was made to access a socket in a way forbidden by its access permissions"))
[ERROR] Failed table: market_candles
[ERROR] Hermes ingest request failed for market_candles: HTTPSConnectionPool(host='bnb-trade-os.lovable.app', port=443): Max retries exceeded with url: /api/public/hermes-ingest (Caused by NewConnectionError("HTTPSConnection(host='bnb-trade-os.lovable.app', port=443): Failed to establish a new connection: [WinError 10013] An attempt was made to access a socket in a way forbidden by its access permissions"))
[ERROR] Failed table: market_candles
[ERROR] Hermes ingest request failed for market_candles: HTTPSConnectionPool(host='bnb-trade-os.lovable.app', port=443): Max retries exceeded with url: /api/public/hermes-ingest (Caused by NewConnectionError("HTTPSConnection(host='bnb-trade-os.lovable.app', port=443): Failed to establish a new connection: [WinError 10013] An attempt was made to access a socket in a way forbidden by its access permissions"))
[ERROR] Failed table: market_candles
[ERROR] Hermes ingest request failed for market_candles: HTTPSConnectionPool(host='bnb-trade-os.lovable.app', port=443): Max retries exceeded with url: /api/public/hermes-ingest (Caused by NewConnectionError("HTTPSConnection(host='bnb-trade-os.lovable.app', port=443): Failed to establish a new connection: [WinError 10013] An attempt was made to access a socket in a way forbidden by its access permissions"))
[ERROR] Failed table: market_candles
[TIME_GATE] symbol=EURUSD utc=2026-06-01T19:09:18.850907+00:00 local=2026-06-01T20:09:18.850907+01:00 broker=2026-06-01T22:09:02+00:00 session=NEW_YORK market_open=True bad_hour=False decision=PASS reason=TIME_GATE_PASS
[SESSION_DIAG] utc_hour=19 local_hour=20 broker_hour=22 session=NEW_YORK time_gate=PASS
[INFO] [SPREAD_DIAG] symbol=EURUSD broker_symbol=EURUSD spread=18.0 point=1e-05 digits=5 bid=1.16312 ask=1.16332 max_spread=30.0 spread_status=OK
[INFO] [MTFA] symbol=EURUSD h1_bias=NEUTRAL m15_liquidity=False m5_cisd=False direction=WAIT mode=TAG_ONLY status=NOT_APPLICABLE reason=NO_TRADE_DIRECTION score=0
[INFO] [MTF_STRUCTURE] symbol=EURUSD h4_bias=RANGE h4_zone=NONE m15_confirmation=False m1_entry=False direction=WAIT status=NOT_APPLICABLE score=0 reason=NO_TRADE_DIRECTION
[INFO] [SMC_TAGGER] symbol=EURUSD direction=WAIT h4=RANGE h1=RANGE m15=False score=25 status=NOT_APPLICABLE reason=NO_TRADE_DIRECTION
[ERROR] Hermes ingest request failed for market_states: HTTPSConnectionPool(host='bnb-trade-os.lovable.app', port=443): Max retries exceeded with url: /api/public/hermes-ingest (Caused by NewConnectionError("HTTPSConnection(host='bnb-trade-os.lovable.app', port=443): Failed to establish a new connection: [WinError 10013] An attempt was made to access a socket in a way forbidden by its access permissions"))
[ERROR] Failed table: market_states
[ERROR] Hermes ingest request failed for markov_predictions: HTTPSConnectionPool(host='bnb-trade-os.lovable.app', port=443): Max retries exceeded with url: /api/public/hermes-ingest (Caused by NewConnectionError("HTTPSConnection(host='bnb-trade-os.lovable.app', port=443): Failed to establish a new connection: [WinError 10013] An attempt was made to access a socket in a way forbidden by its access permissions"))
[ERROR] Failed table: markov_predictions
[ERROR] Hermes ingest request failed for strategy_signals: HTTPSConnectionPool(host='bnb-trade-os.lovable.app', port=443): Max retries exceeded with url: /api/public/hermes-ingest (Caused by NewConnectionError("HTTPSConnection(host='bnb-trade-os.lovable.app', port=443): Failed to establish a new connection: [WinError 10013] An attempt was made to access a socket in a way forbidden by its access permissions"))
[ERROR] Failed table: strategy_signals
[ERROR] Hermes ingest request failed for strategy_signals: HTTPSConnectionPool(host='bnb-trade-os.lovable.app', port=443): Max retries exceeded with url: /api/public/hermes-ingest (Caused by NewConnectionError("HTTPSConnection(host='bnb-trade-os.lovable.app', port=443): Failed to establish a new connection: [WinError 10013] An attempt was made to access a socket in a way forbidden by its access permissions"))
[ERROR] Failed table: strategy_signals
[ERROR] Hermes ingest request failed for strategy_signals: HTTPSConnectionPool(host='bnb-trade-os.lovable.app', port=443): Max retries exceeded with url: /api/public/hermes-ingest (Caused by NewConnectionError("HTTPSConnection(host='bnb-trade-os.lovable.app', port=443): Failed to establish a new connection: [WinError 10013] An attempt was made to access a socket in a way forbidden by its access permissions"))
[ERROR] Failed table: strategy_signals
[ERROR] Hermes ingest request failed for strategy_signals: HTTPSConnectionPool(host='bnb-trade-os.lovable.app', port=443): Max retries exceeded with url: /api/public/hermes-ingest (Caused by NewConnectionError("HTTPSConnection(host='bnb-trade-os.lovable.app', port=443): Failed to establish a new connection: [WinError 10013] An attempt was made to access a socket in a way forbidden by its access permissions"))
[ERROR] Failed table: strategy_signals
[ERROR] Hermes ingest request failed for strategy_signals: HTTPSConnectionPool(host='bnb-trade-os.lovable.app', port=443): Max retries exceeded with url: /api/public/hermes-ingest (Caused by NewConnectionError("HTTPSConnection(host='bnb-trade-os.lovable.app', port=443): Failed to establish a new connection: [WinError 10013] An attempt was made to access a socket in a way forbidden by its access permissions"))
[ERROR] Failed table: strategy_signals
[ERROR] Hermes ingest request failed for strategy_signals: HTTPSConnectionPool(host='bnb-trade-os.lovable.app', port=443): Max retries exceeded with url: /api/public/hermes-ingest (Caused by NewConnectionError("HTTPSConnection(host='bnb-trade-os.lovable.app', port=443): Failed to establish a new connection: [WinError 10013] An attempt was made to access a socket in a way forbidden by its access permissions"))
[ERROR] Failed table: strategy_signals
[ERROR] Hermes ingest request failed for strategy_signals: HTTPSConnectionPool(host='bnb-trade-os.lovable.app', port=443): Max retries exceeded with url: /api/public/hermes-ingest (Caused by NewConnectionError("HTTPSConnection(host='bnb-trade-os.lovable.app', port=443): Failed to establish a new connection: [WinError 10013] An attempt was made to access a socket in a way forbidden by its access permissions"))
[ERROR] Failed table: strategy_signals
[ERROR] Hermes ingest request failed for strategy_signals: HTTPSConnectionPool(host='bnb-trade-os.lovable.app', port=443): Max retries exceeded with url: /api/public/hermes-ingest (Caused by NewConnectionError("HTTPSConnection(host='bnb-trade-os.lovable.app', port=443): Failed to establish a new connection: [WinError 10013] An attempt was made to access a socket in a way forbidden by its access permissions"))
[ERROR] Failed table: strategy_signals
[ERROR] Hermes ingest request failed for kelly_risk: HTTPSConnectionPool(host='bnb-trade-os.lovable.app', port=443): Max retries exceeded with url: /api/public/hermes-ingest (Caused by NewConnectionError("HTTPSConnection(host='bnb-trade-os.lovable.app', port=443): Failed to establish a new connection: [WinError 10013] An attempt was made to access a socket in a way forbidden by its access permissions"))
[ERROR] Failed table: kelly_risk
[SAFETY_GUARD] status=PASS reason=SAFETY_GUARD_PASS
[SAFETY_GUARD] status=PASS reason=SAFETY_GUARD_PASS
[SAFETY_GUARD] status=PASS reason=SAFETY_GUARD_PASS
[SAFETY_GUARD] status=PASS reason=SAFETY_GUARD_PASS
[SAFETY_GUARD] status=PASS reason=SAFETY_GUARD_PASS
[SAFETY_GUARD] status=BLOCK reason=EMA_PULLBACK_LOW_SMC_SCORE
[SAFETY_GUARD] status=PASS reason=SAFETY_GUARD_PASS
[SAFETY_GUARD] status=PASS reason=SAFETY_GUARD_PASS
[SETUP_HUNTER] symbol=EURUSD best=FIB_OTE_RETEST direction=WAIT score=67 grade=C demo_eligible=false missing=NO_TRADE_DIRECTION,RR_TOO_LOW,SMC_SCORE_LT_60,MTFA_SCORE_LT_50,WAITING_FOR_M15_CONFIRMATION,WAITING_FOR_M1_TRIGGER,BIG_SETUP_GRADE_BELOW_B
[NEAR_MISS] symbol=EURUSD strategy=FIB_OTE_RETEST direction=WAIT score=67 missing=NO_TRADE_DIRECTION,RR_TOO_LOW,SMC_SCORE_LT_60,MTFA_SCORE_LT_50,WAITING_FOR_M15_CONFIRMATION,WAITING_FOR_M1_TRIGGER,BIG_SETUP_GRADE_BELOW_B
[ERROR] Hermes ingest request failed for execution_events: HTTPSConnectionPool(host='bnb-trade-os.lovable.app', port=443): Max retries exceeded with url: /api/public/hermes-ingest (Caused by NewConnectionError("HTTPSConnection(host='bnb-trade-os.lovable.app', port=443): Failed to establish a new connection: [WinError 10013] An attempt was made to access a socket in a way forbidden by its access permissions"))
[ERROR] Failed table: execution_events
[ERROR] Hermes ingest request failed for execution_events: HTTPSConnectionPool(host='bnb-trade-os.lovable.app', port=443): Max retries exceeded with url: /api/public/hermes-ingest (Caused by NewConnectionError("HTTPSConnection(host='bnb-trade-os.lovable.app', port=443): Failed to establish a new connection: [WinError 10013] An attempt was made to access a socket in a way forbidden by its access permissions"))
[ERROR] Failed table: execution_events
[ERROR] Hermes ingest request failed for hermes_agents: HTTPSConnectionPool(host='bnb-trade-os.lovable.app', port=443): Max retries exceeded with url: /api/public/hermes-ingest (Caused by NewConnectionError("HTTPSConnection(host='bnb-trade-os.lovable.app', port=443): Failed to establish a new connection: [WinError 10013] An attempt was made to access a socket in a way forbidden by its access permissions"))
[ERROR] Failed table: hermes_agents
[ERROR] Hermes ingest request failed for ai_decisions: HTTPSConnectionPool(host='bnb-trade-os.lovable.app', port=443): Max retries exceeded with url: /api/public/hermes-ingest (Caused by NewConnectionError("HTTPSConnection(host='bnb-trade-os.lovable.app', port=443): Failed to establish a new connection: [WinError 10013] An attempt was made to access a socket in a way forbidden by its access permissions"))
[ERROR] Failed table: ai_decisions
[INFO] [CYCLE] symbol=EURUSD status=WAIT_ANALYSIS_ONLY
[BOT_LOG_TIME] message="Hermes analysis cycle complete" utc_time=2026-06-01T19:09:18.850907+00:00 casablanca_time=2026-06-01T20:09:18.850907+01:00 broker_time_estimate=2026-06-01T22:09:02+00:00 session_name=NEW_YORK time_gate_status=PASS
[ERROR] Hermes ingest request failed for bot_logs: HTTPSConnectionPool(host='bnb-trade-os.lovable.app', port=443): Max retries exceeded with url: /api/public/hermes-ingest (Caused by NewConnectionError("HTTPSConnection(host='bnb-trade-os.lovable.app', port=443): Failed to establish a new connection: [WinError 10013] An attempt was made to access a socket in a way forbidden by its access permissions"))
[ERROR] Failed table: bot_logs
[ERROR] Hermes ingest request failed for nightly_reports: HTTPSConnectionPool(host='bnb-trade-os.lovable.app', port=443): Max retries exceeded with url: /api/public/hermes-ingest (Caused by NewConnectionError("HTTPSConnection(host='bnb-trade-os.lovable.app', port=443): Failed to establish a new connection: [WinError 10013] An attempt was made to access a socket in a way forbidden by its access permissions"))
[ERROR] Failed table: nightly_reports
[INFO] [CYCLE] completed analyzed=3 skipped=0 paper_opened=0 paper_closed=0 demo_orders=0
[ERROR] Hermes ingest request failed for bot_status: HTTPSConnectionPool(host='bnb-trade-os.lovable.app', port=443): Max retries exceeded with url: /api/public/hermes-ingest (Caused by NewConnectionError("HTTPSConnection(host='bnb-trade-os.lovable.app', port=443): Failed to establish a new connection: [WinError 10013] An attempt was made to access a socket in a way forbidden by its access permissions"))
[ERROR] Failed table: bot_status
[ERROR] Hermes ingest request failed for hermes_agents: HTTPSConnectionPool(host='bnb-trade-os.lovable.app', port=443): Max retries exceeded with url: /api/public/hermes-ingest (Caused by NewConnectionError("HTTPSConnection(host='bnb-trade-os.lovable.app', port=443): Failed to establish a new connection: [WinError 10013] An attempt was made to access a socket in a way forbidden by its access permissions"))
[ERROR] Failed table: hermes_agents
[INFO] [DASHBOARD_STATUS] component=dashboard_status mode=DEMO_PILOT_24H account_type=DEMO demo_pilot_enabled=true allow_live_trading=false utc_time=2026-06-01T19:09:18.850907+00:00
[DASHBOARD_STATUS] component=dashboard_status mode=DEMO_PILOT_24H account_type=DEMO demo_pilot_enabled=true allow_live_trading=false utc_time=2026-06-01T19:09:18.850907+00:00
[ERROR] Hermes ingest update request failed for bot_status: HTTPSConnectionPool(host='bnb-trade-os.lovable.app', port=443): Max retries exceeded with url: /api/public/hermes-ingest (Caused by NewConnectionError("HTTPSConnection(host='bnb-trade-os.lovable.app', port=443): Failed to establish a new connection: [WinError 10013] An attempt was made to access a socket in a way forbidden by its access permissions"))
[ERROR] Failed table: bot_status
[ERROR] Hermes ingest update request failed for bot_status: HTTPSConnectionPool(host='bnb-trade-os.lovable.app', port=443): Max retries exceeded with url: /api/public/hermes-ingest (Caused by NewConnectionError("HTTPSConnection(host='bnb-trade-os.lovable.app', port=443): Failed to establish a new connection: [WinError 10013] An attempt was made to access a socket in a way forbidden by its access permissions"))
[ERROR] Failed table: bot_status
[ERROR] Hermes ingest update request failed for bot_status: HTTPSConnectionPool(host='bnb-trade-os.lovable.app', port=443): Max retries exceeded with url: /api/public/hermes-ingest (Caused by NewConnectionError("HTTPSConnection(host='bnb-trade-os.lovable.app', port=443): Failed to establish a new connection: [WinError 10013] An attempt was made to access a socket in a way forbidden by its access permissions"))
[ERROR] Failed table: bot_status
[ERROR] Hermes ingest update request failed for bot_status: HTTPSConnectionPool(host='bnb-trade-os.lovable.app', port=443): Max retries exceeded with url: /api/public/hermes-ingest (Caused by NewConnectionError("HTTPSConnection(host='bnb-trade-os.lovable.app', port=443): Failed to establish a new connection: [WinError 10013] An attempt was made to access a socket in a way forbidden by its access permissions"))
[ERROR] Failed table: bot_status
[ERROR] Hermes ingest request failed for account_snapshots: HTTPSConnectionPool(host='bnb-trade-os.lovable.app', port=443): Max retries exceeded with url: /api/public/hermes-ingest (Caused by NewConnectionError("HTTPSConnection(host='bnb-trade-os.lovable.app', port=443): Failed to establish a new connection: [WinError 10013] An attempt was made to access a socket in a way forbidden by its access permissions"))
[ERROR] Failed table: account_snapshots
[ERROR] Hermes ingest request failed for account_snapshots: HTTPSConnectionPool(host='bnb-trade-os.lovable.app', port=443): Max retries exceeded with url: /api/public/hermes-ingest (Caused by NewConnectionError("HTTPSConnection(host='bnb-trade-os.lovable.app', port=443): Failed to establish a new connection: [WinError 10013] An attempt was made to access a socket in a way forbidden by its access permissions"))
[ERROR] Failed table: account_snapshots
[INFO] [CYCLE] started
[ERROR] Hermes ingest request failed for bot_status: HTTPSConnectionPool(host='bnb-trade-os.lovable.app', port=443): Max retries exceeded with url: /api/public/hermes-ingest (Caused by NewConnectionError("HTTPSConnection(host='bnb-trade-os.lovable.app', port=443): Failed to establish a new connection: [WinError 10013] An attempt was made to access a socket in a way forbidden by its access permissions"))
[ERROR] Failed table: bot_status
[ERROR] Hermes ingest request failed for hermes_agents: HTTPSConnectionPool(host='bnb-trade-os.lovable.app', port=443): Max retries exceeded with url: /api/public/hermes-ingest (Caused by NewConnectionError("HTTPSConnection(host='bnb-trade-os.lovable.app', port=443): Failed to establish a new connection: [WinError 10013] An attempt was made to access a socket in a way forbidden by its access permissions"))
[ERROR] Failed table: hermes_agents
[INFO] [DASHBOARD_STATUS] component=dashboard_status mode=DEMO_PILOT_24H account_type=DEMO demo_pilot_enabled=true allow_live_trading=false utc_time=2026-06-01T19:09:18.850907+00:00
[DASHBOARD_STATUS] component=dashboard_status mode=DEMO_PILOT_24H account_type=DEMO demo_pilot_enabled=true allow_live_trading=false utc_time=2026-06-01T19:09:18.850907+00:00
[ERROR] Hermes ingest update request failed for bot_status: HTTPSConnectionPool(host='bnb-trade-os.lovable.app', port=443): Max retries exceeded with url: /api/public/hermes-ingest (Caused by NewConnectionError("HTTPSConnection(host='bnb-trade-os.lovable.app', port=443): Failed to establish a new connection: [WinError 10013] An attempt was made to access a socket in a way forbidden by its access permissions"))
[ERROR] Failed table: bot_status
[ERROR] Hermes ingest update request failed for bot_status: HTTPSConnectionPool(host='bnb-trade-os.lovable.app', port=443): Max retries exceeded with url: /api/public/hermes-ingest (Caused by NewConnectionError("HTTPSConnection(host='bnb-trade-os.lovable.app', port=443): Failed to establish a new connection: [WinError 10013] An attempt was made to access a socket in a way forbidden by its access permissions"))
[ERROR] Failed table: bot_status
[ERROR] Hermes ingest update request failed for bot_status: HTTPSConnectionPool(host='bnb-trade-os.lovable.app', port=443): Max retries exceeded with url: /api/public/hermes-ingest (Caused by NewConnectionError("HTTPSConnection(host='bnb-trade-os.lovable.app', port=443): Failed to establish a new connection: [WinError 10013] An attempt was made to access a socket in a way forbidden by its access permissions"))
[ERROR] Failed table: bot_status
[ERROR] Hermes ingest update request failed for bot_status: HTTPSConnectionPool(host='bnb-trade-os.lovable.app', port=443): Max retries exceeded with url: /api/public/hermes-ingest (Caused by NewConnectionError("HTTPSConnection(host='bnb-trade-os.lovable.app', port=443): Failed to establish a new connection: [WinError 10013] An attempt was made to access a socket in a way forbidden by its access permissions"))
[ERROR] Failed table: bot_status
[ERROR] Hermes ingest request failed for account_snapshots: HTTPSConnectionPool(host='bnb-trade-os.lovable.app', port=443): Max retries exceeded with url: /api/public/hermes-ingest (Caused by NewConnectionError("HTTPSConnection(host='bnb-trade-os.lovable.app', port=443): Failed to establish a new connection: [WinError 10013] An attempt was made to access a socket in a way forbidden by its access permissions"))
[ERROR] Failed table: account_snapshots
[ERROR] Hermes ingest request failed for account_snapshots: HTTPSConnectionPool(host='bnb-trade-os.lovable.app', port=443): Max retries exceeded with url: /api/public/hermes-ingest (Caused by NewConnectionError("HTTPSConnection(host='bnb-trade-os.lovable.app', port=443): Failed to establish a new connection: [WinError 10013] An attempt was made to access a socket in a way forbidden by its access permissions"))
[ERROR] Failed table: account_snapshots
[TIME_GATE] symbol=BTCUSD utc=2026-06-01T19:09:23.013307+00:00 local=2026-06-01T20:09:23.013307+01:00 broker=2026-06-01T22:09:23+00:00 session=NEW_YORK market_open=True bad_hour=False decision=PASS reason=TIME_GATE_PASS
[SESSION_DIAG] utc_hour=19 local_hour=20 broker_hour=22 session=NEW_YORK time_gate=PASS
[INFO] [SPREAD_DIAG] symbol=BTCUSD broker_symbol=BTCUSD# spread=2250.0 point=0.01 digits=2 bid=71434.2 ask=71456.7 max_spread=2500.0 spread_status=OK
[INFO] [MTFA] symbol=BTCUSD h1_bias=NEUTRAL m15_liquidity=False m5_cisd=False direction=SELL mode=TAG_ONLY status=FAIL reason=H1_BIAS_MISMATCH,NO_M15_LIQUIDITY,NO_M5_CISD score=15
[INFO] [MTF_STRUCTURE] symbol=BTCUSD h4_bias=RANGE h4_zone=NONE m15_confirmation=False m1_entry=False direction=WAIT status=FAIL score=0 reason=PRICE_NOT_AT_H4_ZONE,NO_M15_STRUCTURE_SHIFT,NO_M1_ENTRY_CONFIRMATION
[INFO] [SMC_TAGGER] symbol=BTCUSD direction=SELL h4=RANGE h1=RANGE m15=False score=10 status=FAIL reason=NO_M15_CONFIRMATION,NO_M5_CONFIRMATION,NO_M1_ENTRY_CONFIRMATION,LOW_SMC_CONFLUENCE_SCORE
[ERROR] Hermes ingest request failed for market_states: HTTPSConnectionPool(host='bnb-trade-os.lovable.app', port=443): Max retries exceeded with url: /api/public/hermes-ingest (Caused by NewConnectionError("HTTPSConnection(host='bnb-trade-os.lovable.app', port=443): Failed to establish a new connection: [WinError 10013] An attempt was made to access a socket in a way forbidden by its access permissions"))
[ERROR] Failed table: market_states
[ERROR] Hermes ingest request failed for markov_predictions: HTTPSConnectionPool(host='bnb-trade-os.lovable.app', port=443): Max retries exceeded with url: /api/public/hermes-ingest (Caused by NewConnectionError("HTTPSConnection(host='bnb-trade-os.lovable.app', port=443): Failed to establish a new connection: [WinError 10013] An attempt was made to access a socket in a way forbidden by its access permissions"))
[ERROR] Failed table: markov_predictions
[ERROR] Hermes ingest request failed for strategy_signals: HTTPSConnectionPool(host='bnb-trade-os.lovable.app', port=443): Max retries exceeded with url: /api/public/hermes-ingest (Caused by NewConnectionError("HTTPSConnection(host='bnb-trade-os.lovable.app', port=443): Failed to establish a new connection: [WinError 10013] An attempt was made to access a socket in a way forbidden by its access permissions"))
[ERROR] Failed table: strategy_signals
[ERROR] Hermes ingest request failed for strategy_signals: HTTPSConnectionPool(host='bnb-trade-os.lovable.app', port=443): Max retries exceeded with url: /api/public/hermes-ingest (Caused by NewConnectionError("HTTPSConnection(host='bnb-trade-os.lovable.app', port=443): Failed to establish a new connection: [WinError 10013] An attempt was made to access a socket in a way forbidden by its access permissions"))
[ERROR] Failed table: strategy_signals
[ERROR] Hermes ingest request failed for strategy_signals: HTTPSConnectionPool(host='bnb-trade-os.lovable.app', port=443): Max retries exceeded with url: /api/public/hermes-ingest (Caused by NewConnectionError("HTTPSConnection(host='bnb-trade-os.lovable.app', port=443): Failed to establish a new connection: [WinError 10013] An attempt was made to access a socket in a way forbidden by its access permissions"))
[ERROR] Failed table: strategy_signals
[ERROR] Hermes ingest request failed for strategy_signals: HTTPSConnectionPool(host='bnb-trade-os.lovable.app', port=443): Max retries exceeded with url: /api/public/hermes-ingest (Caused by NewConnectionError("HTTPSConnection(host='bnb-trade-os.lovable.app', port=443): Failed to establish a new connection: [WinError 10013] An attempt was made to access a socket in a way forbidden by its access permissions"))
[ERROR] Failed table: strategy_signals
[ERROR] Hermes ingest request failed for strategy_signals: HTTPSConnectionPool(host='bnb-trade-os.lovable.app', port=443): Max retries exceeded with url: /api/public/hermes-ingest (Caused by NewConnectionError("HTTPSConnection(host='bnb-trade-os.lovable.app', port=443): Failed to establish a new connection: [WinError 10013] An attempt was made to access a socket in a way forbidden by its access permissions"))
[ERROR] Failed table: strategy_signals
[ERROR] Hermes ingest request failed for strategy_signals: HTTPSConnectionPool(host='bnb-trade-os.lovable.app', port=443): Max retries exceeded with url: /api/public/hermes-ingest (Caused by NewConnectionError("HTTPSConnection(host='bnb-trade-os.lovable.app', port=443): Failed to establish a new connection: [WinError 10013] An attempt was made to access a socket in a way forbidden by its access permissions"))
[ERROR] Failed table: strategy_signals
[ERROR] Hermes ingest request failed for strategy_signals: HTTPSConnectionPool(host='bnb-trade-os.lovable.app', port=443): Max retries exceeded with url: /api/public/hermes-ingest (Caused by NewConnectionError("HTTPSConnection(host='bnb-trade-os.lovable.app', port=443): Failed to establish a new connection: [WinError 10013] An attempt was made to access a socket in a way forbidden by its access permissions"))
[ERROR] Failed table: strategy_signals
[ERROR] Hermes ingest request failed for strategy_signals: HTTPSConnectionPool(host='bnb-trade-os.lovable.app', port=443): Max retries exceeded with url: /api/public/hermes-ingest (Caused by NewConnectionError("HTTPSConnection(host='bnb-trade-os.lovable.app', port=443): Failed to establish a new connection: [WinError 10013] An attempt was made to access a socket in a way forbidden by its access permissions"))
[ERROR] Failed table: strategy_signals
[ERROR] Hermes ingest request failed for kelly_risk: HTTPSConnectionPool(host='bnb-trade-os.lovable.app', port=443): Max retries exceeded with url: /api/public/hermes-ingest (Caused by NewConnectionError("HTTPSConnection(host='bnb-trade-os.lovable.app', port=443): Failed to establish a new connection: [WinError 10013] An attempt was made to access a socket in a way forbidden by its access permissions"))
[ERROR] Failed table: kelly_risk
[SAFETY_GUARD] status=PASS reason=SAFETY_GUARD_PASS
[SAFETY_GUARD] status=PASS reason=SAFETY_GUARD_PASS
[SAFETY_GUARD] status=PASS reason=SAFETY_GUARD_PASS
[SAFETY_GUARD] status=PASS reason=SAFETY_GUARD_PASS
[SAFETY_GUARD] status=PASS reason=SAFETY_GUARD_PASS
[SAFETY_GUARD] status=BLOCK reason=EMA_PULLBACK_WEAK_CONTEXT
[SAFETY_GUARD] status=PASS reason=SAFETY_GUARD_PASS
[SAFETY_GUARD] status=PASS reason=SAFETY_GUARD_PASS
[SETUP_HUNTER] symbol=BTCUSD best=TREND_CONTINUATION_BREAKDOWN direction=WAIT score=92 grade=A demo_eligible=false missing=NO_TRADE_DIRECTION,SMC_SCORE_LT_60,MTFA_SCORE_LT_50,WAITING_FOR_M1_TRIGGER,BIG_SETUP_GRADE_BELOW_B
[NEAR_MISS] symbol=BTCUSD strategy=TREND_CONTINUATION_BREAKDOWN direction=WAIT score=92 missing=NO_TRADE_DIRECTION,SMC_SCORE_LT_60,MTFA_SCORE_LT_50,WAITING_FOR_M1_TRIGGER,BIG_SETUP_GRADE_BELOW_B
[ERROR] Hermes ingest request failed for execution_events: HTTPSConnectionPool(host='bnb-trade-os.lovable.app', port=443): Max retries exceeded with url: /api/public/hermes-ingest (Caused by NewConnectionError("HTTPSConnection(host='bnb-trade-os.lovable.app', port=443): Failed to establish a new connection: [WinError 10013] An attempt was made to access a socket in a way forbidden by its access permissions"))
[ERROR] Failed table: execution_events
[ERROR] Hermes ingest request failed for execution_events: HTTPSConnectionPool(host='bnb-trade-os.lovable.app', port=443): Max retries exceeded with url: /api/public/hermes-ingest (Caused by NewConnectionError("HTTPSConnection(host='bnb-trade-os.lovable.app', port=443): Failed to establish a new connection: [WinError 10013] An attempt was made to access a socket in a way forbidden by its access permissions"))
[ERROR] Failed table: execution_events
[ERROR] Hermes ingest request failed for hermes_agents: HTTPSConnectionPool(host='bnb-trade-os.lovable.app', port=443): Max retries exceeded with url: /api/public/hermes-ingest (Caused by NewConnectionError("HTTPSConnection(host='bnb-trade-os.lovable.app', port=443): Failed to establish a new connection: [WinError 10013] An attempt was made to access a socket in a way forbidden by its access permissions"))
[ERROR] Failed table: hermes_agents
[ERROR] Hermes ingest request failed for ai_decisions: HTTPSConnectionPool(host='bnb-trade-os.lovable.app', port=443): Max retries exceeded with url: /api/public/hermes-ingest (Caused by NewConnectionError("HTTPSConnection(host='bnb-trade-os.lovable.app', port=443): Failed to establish a new connection: [WinError 10013] An attempt was made to access a socket in a way forbidden by its access permissions"))
[ERROR] Failed table: ai_decisions
[INFO] [CYCLE] symbol=BTCUSD status=ENTER_ANALYSIS_ONLY
[BOT_LOG_TIME] message="Hermes analysis cycle complete" utc_time=2026-06-01T19:09:23.013307+00:00 casablanca_time=2026-06-01T20:09:23.013307+01:00 broker_time_estimate=2026-06-01T22:09:23+00:00 session_name=NEW_YORK time_gate_status=PASS
[ERROR] Hermes ingest request failed for bot_logs: HTTPSConnectionPool(host='bnb-trade-os.lovable.app', port=443): Max retries exceeded with url: /api/public/hermes-ingest (Caused by NewConnectionError("HTTPSConnection(host='bnb-trade-os.lovable.app', port=443): Failed to establish a new connection: [WinError 10013] An attempt was made to access a socket in a way forbidden by its access permissions"))
[ERROR] Failed table: bot_logs
[TIME_GATE] symbol=GOLD# utc=2026-06-01T19:09:23.281321+00:00 local=2026-06-01T20:09:23.281321+01:00 broker=2026-06-01T22:09:24+00:00 session=NEW_YORK market_open=True bad_hour=False decision=PASS reason=TIME_GATE_PASS
[SESSION_DIAG] utc_hour=19 local_hour=20 broker_hour=22 session=NEW_YORK time_gate=PASS
[INFO] [SPREAD_DIAG] symbol=GOLD# broker_symbol=GOLD# spread=24.0 point=0.01 digits=2 bid=4485.49 ask=4485.78 max_spread=50.0 spread_status=OK
[INFO] [MTFA] symbol=GOLD# h1_bias=NEUTRAL m15_liquidity=False m5_cisd=False direction=WAIT mode=TAG_ONLY status=NOT_APPLICABLE reason=NO_TRADE_DIRECTION score=0
[INFO] [MTF_STRUCTURE] symbol=GOLD# h4_bias=RANGE h4_zone=NONE m15_confirmation=False m1_entry=False direction=WAIT status=NOT_APPLICABLE score=0 reason=NO_TRADE_DIRECTION
[INFO] [SMC_TAGGER] symbol=GOLD# direction=WAIT h4=RANGE h1=RANGE m15=False score=0 status=NOT_APPLICABLE reason=NO_TRADE_DIRECTION
[ERROR] Hermes ingest request failed for market_states: HTTPSConnectionPool(host='bnb-trade-os.lovable.app', port=443): Max retries exceeded with url: /api/public/hermes-ingest (Caused by NewConnectionError("HTTPSConnection(host='bnb-trade-os.lovable.app', port=443): Failed to establish a new connection: [WinError 10013] An attempt was made to access a socket in a way forbidden by its access permissions"))
[ERROR] Failed table: market_states
[ERROR] Hermes ingest request failed for markov_predictions: HTTPSConnectionPool(host='bnb-trade-os.lovable.app', port=443): Max retries exceeded with url: /api/public/hermes-ingest (Caused by NewConnectionError("HTTPSConnection(host='bnb-trade-os.lovable.app', port=443): Failed to establish a new connection: [WinError 10013] An attempt was made to access a socket in a way forbidden by its access permissions"))
[ERROR] Failed table: markov_predictions
[ERROR] Hermes ingest request failed for strategy_signals: HTTPSConnectionPool(host='bnb-trade-os.lovable.app', port=443): Max retries exceeded with url: /api/public/hermes-ingest (Caused by NewConnectionError("HTTPSConnection(host='bnb-trade-os.lovable.app', port=443): Failed to establish a new connection: [WinError 10013] An attempt was made to access a socket in a way forbidden by its access permissions"))
[ERROR] Failed table: strategy_signals
[ERROR] Hermes ingest request failed for strategy_signals: HTTPSConnectionPool(host='bnb-trade-os.lovable.app', port=443): Max retries exceeded with url: /api/public/hermes-ingest (Caused by NewConnectionError("HTTPSConnection(host='bnb-trade-os.lovable.app', port=443): Failed to establish a new connection: [WinError 10013] An attempt was made to access a socket in a way forbidden by its access permissions"))
[ERROR] Failed table: strategy_signals
[ERROR] Hermes ingest request failed for strategy_signals: HTTPSConnectionPool(host='bnb-trade-os.lovable.app', port=443): Max retries exceeded with url: /api/public/hermes-ingest (Caused by NewConnectionError("HTTPSConnection(host='bnb-trade-os.lovable.app', port=443): Failed to establish a new connection: [WinError 10013] An attempt was made to access a socket in a way forbidden by its access permissions"))
[ERROR] Failed table: strategy_signals
[ERROR] Hermes ingest request failed for strategy_signals: HTTPSConnectionPool(host='bnb-trade-os.lovable.app', port=443): Max retries exceeded with url: /api/public/hermes-ingest (Caused by NewConnectionError("HTTPSConnection(host='bnb-trade-os.lovable.app', port=443): Failed to establish a new connection: [WinError 10013] An attempt was made to access a socket in a way forbidden by its access permissions"))
[ERROR] Failed table: strategy_signals
[ERROR] Hermes ingest request failed for strategy_signals: HTTPSConnectionPool(host='bnb-trade-os.lovable.app', port=443): Max retries exceeded with url: /api/public/hermes-ingest (Caused by NewConnectionError("HTTPSConnection(host='bnb-trade-os.lovable.app', port=443): Failed to establish a new connection: [WinError 10013] An attempt was made to access a socket in a way forbidden by its access permissions"))
[ERROR] Failed table: strategy_signals
[ERROR] Hermes ingest request failed for strategy_signals: HTTPSConnectionPool(host='bnb-trade-os.lovable.app', port=443): Max retries exceeded with url: /api/public/hermes-ingest (Caused by NewConnectionError("HTTPSConnection(host='bnb-trade-os.lovable.app', port=443): Failed to establish a new connection: [WinError 10013] An attempt was made to access a socket in a way forbidden by its access permissions"))
[ERROR] Failed table: strategy_signals
[ERROR] Hermes ingest request failed for strategy_signals: HTTPSConnectionPool(host='bnb-trade-os.lovable.app', port=443): Max retries exceeded with url: /api/public/hermes-ingest (Caused by NewConnectionError("HTTPSConnection(host='bnb-trade-os.lovable.app', port=443): Failed to establish a new connection: [WinError 10013] An attempt was made to access a socket in a way forbidden by its access permissions"))
[ERROR] Failed table: strategy_signals
[ERROR] Hermes ingest request failed for strategy_signals: HTTPSConnectionPool(host='bnb-trade-os.lovable.app', port=443): Max retries exceeded with url: /api/public/hermes-ingest (Caused by NewConnectionError("HTTPSConnection(host='bnb-trade-os.lovable.app', port=443): Failed to establish a new connection: [WinError 10013] An attempt was made to access a socket in a way forbidden by its access permissions"))
[ERROR] Failed table: strategy_signals
[ERROR] Hermes ingest request failed for kelly_risk: HTTPSConnectionPool(host='bnb-trade-os.lovable.app', port=443): Max retries exceeded with url: /api/public/hermes-ingest (Caused by NewConnectionError("HTTPSConnection(host='bnb-trade-os.lovable.app', port=443): Failed to establish a new connection: [WinError 10013] An attempt was made to access a socket in a way forbidden by its access permissions"))
[ERROR] Failed table: kelly_risk
[SAFETY_GUARD] status=PASS reason=SAFETY_GUARD_PASS
[SAFETY_GUARD] status=PASS reason=SAFETY_GUARD_PASS
[SAFETY_GUARD] status=PASS reason=SAFETY_GUARD_PASS
[SAFETY_GUARD] status=PASS reason=SAFETY_GUARD_PASS
[SAFETY_GUARD] status=PASS reason=SAFETY_GUARD_PASS
[SAFETY_GUARD] status=BLOCK reason=EMA_PULLBACK_LOW_SMC_SCORE
[SAFETY_GUARD] status=PASS reason=SAFETY_GUARD_PASS
[SAFETY_GUARD] status=PASS reason=SAFETY_GUARD_PASS
[SETUP_HUNTER] symbol=GOLD# best=FIB_OTE_RETEST direction=WAIT score=65 grade=C demo_eligible=false missing=NO_TRADE_DIRECTION,RR_TOO_LOW,SMC_SCORE_LT_60,MTFA_SCORE_LT_50,WAITING_FOR_M15_CONFIRMATION,WAITING_FOR_M1_TRIGGER,BIG_SETUP_GRADE_BELOW_B
[NEAR_MISS] symbol=GOLD# strategy=FIB_OTE_RETEST direction=WAIT score=65 missing=NO_TRADE_DIRECTION,RR_TOO_LOW,SMC_SCORE_LT_60,MTFA_SCORE_LT_50,WAITING_FOR_M15_CONFIRMATION,WAITING_FOR_M1_TRIGGER,BIG_SETUP_GRADE_BELOW_B
[ERROR] Hermes ingest request failed for execution_events: HTTPSConnectionPool(host='bnb-trade-os.lovable.app', port=443): Max retries exceeded with url: /api/public/hermes-ingest (Caused by NewConnectionError("HTTPSConnection(host='bnb-trade-os.lovable.app', port=443): Failed to establish a new connection: [WinError 10013] An attempt was made to access a socket in a way forbidden by its access permissions"))
[ERROR] Failed table: execution_events
[ERROR] Hermes ingest request failed for execution_events: HTTPSConnectionPool(host='bnb-trade-os.lovable.app', port=443): Max retries exceeded with url: /api/public/hermes-ingest (Caused by NewConnectionError("HTTPSConnection(host='bnb-trade-os.lovable.app', port=443): Failed to establish a new connection: [WinError 10013] An attempt was made to access a socket in a way forbidden by its access permissions"))
[ERROR] Failed table: execution_events
[ERROR] Hermes ingest request failed for hermes_agents: HTTPSConnectionPool(host='bnb-trade-os.lovable.app', port=443): Max retries exceeded with url: /api/public/hermes-ingest (Caused by NewConnectionError("HTTPSConnection(host='bnb-trade-os.lovable.app', port=443): Failed to establish a new connection: [WinError 10013] An attempt was made to access a socket in a way forbidden by its access permissions"))
[ERROR] Failed table: hermes_agents
[ERROR] Hermes ingest request failed for ai_decisions: HTTPSConnectionPool(host='bnb-trade-os.lovable.app', port=443): Max retries exceeded with url: /api/public/hermes-ingest (Caused by NewConnectionError("HTTPSConnection(host='bnb-trade-os.lovable.app', port=443): Failed to establish a new connection: [WinError 10013] An attempt was made to access a socket in a way forbidden by its access permissions"))
[ERROR] Failed table: ai_decisions
[INFO] [CYCLE] symbol=GOLD# status=WAIT_ANALYSIS_ONLY
[BOT_LOG_TIME] message="Hermes analysis cycle complete" utc_time=2026-06-01T19:09:23.281321+00:00 casablanca_time=2026-06-01T20:09:23.281321+01:00 broker_time_estimate=2026-06-01T22:09:24+00:00 session_name=NEW_YORK time_gate_status=PASS
[ERROR] Hermes ingest request failed for bot_logs: HTTPSConnectionPool(host='bnb-trade-os.lovable.app', port=443): Max retries exceeded with url: /api/public/hermes-ingest (Caused by NewConnectionError("HTTPSConnection(host='bnb-trade-os.lovable.app', port=443): Failed to establish a new connection: [WinError 10013] An attempt was made to access a socket in a way forbidden by its access permissions"))
[ERROR] Failed table: bot_logs
[TIME_GATE] symbol=EURUSD utc=2026-06-01T19:09:23.544128+00:00 local=2026-06-01T20:09:23.544128+01:00 broker=2026-06-01T22:09:02+00:00 session=NEW_YORK market_open=True bad_hour=False decision=PASS reason=TIME_GATE_PASS
[SESSION_DIAG] utc_hour=19 local_hour=20 broker_hour=22 session=NEW_YORK time_gate=PASS
[INFO] [SPREAD_DIAG] symbol=EURUSD broker_symbol=EURUSD spread=18.0 point=1e-05 digits=5 bid=1.16312 ask=1.16332 max_spread=30.0 spread_status=OK
[INFO] [MTFA] symbol=EURUSD h1_bias=NEUTRAL m15_liquidity=False m5_cisd=False direction=WAIT mode=TAG_ONLY status=NOT_APPLICABLE reason=NO_TRADE_DIRECTION score=0
[INFO] [MTF_STRUCTURE] symbol=EURUSD h4_bias=RANGE h4_zone=NONE m15_confirmation=False m1_entry=False direction=WAIT status=NOT_APPLICABLE score=0 reason=NO_TRADE_DIRECTION
[INFO] [SMC_TAGGER] symbol=EURUSD direction=WAIT h4=RANGE h1=RANGE m15=False score=25 status=NOT_APPLICABLE reason=NO_TRADE_DIRECTION
[ERROR] Hermes ingest request failed for market_states: HTTPSConnectionPool(host='bnb-trade-os.lovable.app', port=443): Max retries exceeded with url: /api/public/hermes-ingest (Caused by NewConnectionError("HTTPSConnection(host='bnb-trade-os.lovable.app', port=443): Failed to establish a new connection: [WinError 10013] An attempt was made to access a socket in a way forbidden by its access permissions"))
[ERROR] Failed table: market_states
[ERROR] Hermes ingest request failed for markov_predictions: HTTPSConnectionPool(host='bnb-trade-os.lovable.app', port=443): Max retries exceeded with url: /api/public/hermes-ingest (Caused by NewConnectionError("HTTPSConnection(host='bnb-trade-os.lovable.app', port=443): Failed to establish a new connection: [WinError 10013] An attempt was made to access a socket in a way forbidden by its access permissions"))
[ERROR] Failed table: markov_predictions
[ERROR] Hermes ingest request failed for strategy_signals: HTTPSConnectionPool(host='bnb-trade-os.lovable.app', port=443): Max retries exceeded with url: /api/public/hermes-ingest (Caused by NewConnectionError("HTTPSConnection(host='bnb-trade-os.lovable.app', port=443): Failed to establish a new connection: [WinError 10013] An attempt was made to access a socket in a way forbidden by its access permissions"))
[ERROR] Failed table: strategy_signals
[ERROR] Hermes ingest request failed for strategy_signals: HTTPSConnectionPool(host='bnb-trade-os.lovable.app', port=443): Max retries exceeded with url: /api/public/hermes-ingest (Caused by NewConnectionError("HTTPSConnection(host='bnb-trade-os.lovable.app', port=443): Failed to establish a new connection: [WinError 10013] An attempt was made to access a socket in a way forbidden by its access permissions"))
[ERROR] Failed table: strategy_signals
[ERROR] Hermes ingest request failed for strategy_signals: HTTPSConnectionPool(host='bnb-trade-os.lovable.app', port=443): Max retries exceeded with url: /api/public/hermes-ingest (Caused by NewConnectionError("HTTPSConnection(host='bnb-trade-os.lovable.app', port=443): Failed to establish a new connection: [WinError 10013] An attempt was made to access a socket in a way forbidden by its access permissions"))
[ERROR] Failed table: strategy_signals
[ERROR] Hermes ingest request failed for strategy_signals: HTTPSConnectionPool(host='bnb-trade-os.lovable.app', port=443): Max retries exceeded with url: /api/public/hermes-ingest (Caused by NewConnectionError("HTTPSConnection(host='bnb-trade-os.lovable.app', port=443): Failed to establish a new connection: [WinError 10013] An attempt was made to access a socket in a way forbidden by its access permissions"))
[ERROR] Failed table: strategy_signals
[ERROR] Hermes ingest request failed for strategy_signals: HTTPSConnectionPool(host='bnb-trade-os.lovable.app', port=443): Max retries exceeded with url: /api/public/hermes-ingest (Caused by NewConnectionError("HTTPSConnection(host='bnb-trade-os.lovable.app', port=443): Failed to establish a new connection: [WinError 10013] An attempt was made to access a socket in a way forbidden by its access permissions"))
[ERROR] Failed table: strategy_signals
[ERROR] Hermes ingest request failed for strategy_signals: HTTPSConnectionPool(host='bnb-trade-os.lovable.app', port=443): Max retries exceeded with url: /api/public/hermes-ingest (Caused by NewConnectionError("HTTPSConnection(host='bnb-trade-os.lovable.app', port=443): Failed to establish a new connection: [WinError 10013] An attempt was made to access a socket in a way forbidden by its access permissions"))
[ERROR] Failed table: strategy_signals
[ERROR] Hermes ingest request failed for strategy_signals: HTTPSConnectionPool(host='bnb-trade-os.lovable.app', port=443): Max retries exceeded with url: /api/public/hermes-ingest (Caused by NewConnectionError("HTTPSConnection(host='bnb-trade-os.lovable.app', port=443): Failed to establish a new connection: [WinError 10013] An attempt was made to access a socket in a way forbidden by its access permissions"))
[ERROR] Failed table: strategy_signals
[ERROR] Hermes ingest request failed for strategy_signals: HTTPSConnectionPool(host='bnb-trade-os.lovable.app', port=443): Max retries exceeded with url: /api/public/hermes-ingest (Caused by NewConnectionError("HTTPSConnection(host='bnb-trade-os.lovable.app', port=443): Failed to establish a new connection: [WinError 10013] An attempt was made to access a socket in a way forbidden by its access permissions"))
[ERROR] Failed table: strategy_signals
[ERROR] Hermes ingest request failed for kelly_risk: HTTPSConnectionPool(host='bnb-trade-os.lovable.app', port=443): Max retries exceeded with url: /api/public/hermes-ingest (Caused by NewConnectionError("HTTPSConnection(host='bnb-trade-os.lovable.app', port=443): Failed to establish a new connection: [WinError 10013] An attempt was made to access a socket in a way forbidden by its access permissions"))
[ERROR] Failed table: kelly_risk
[SAFETY_GUARD] status=PASS reason=SAFETY_GUARD_PASS
[SAFETY_GUARD] status=PASS reason=SAFETY_GUARD_PASS
[SAFETY_GUARD] status=PASS reason=SAFETY_GUARD_PASS
[SAFETY_GUARD] status=PASS reason=SAFETY_GUARD_PASS
[SAFETY_GUARD] status=PASS reason=SAFETY_GUARD_PASS
[SAFETY_GUARD] status=BLOCK reason=EMA_PULLBACK_LOW_SMC_SCORE
[SAFETY_GUARD] status=PASS reason=SAFETY_GUARD_PASS
[SAFETY_GUARD] status=PASS reason=SAFETY_GUARD_PASS
[SETUP_HUNTER] symbol=EURUSD best=FIB_OTE_RETEST direction=WAIT score=67 grade=C demo_eligible=false missing=NO_TRADE_DIRECTION,RR_TOO_LOW,SMC_SCORE_LT_60,MTFA_SCORE_LT_50,WAITING_FOR_M15_CONFIRMATION,WAITING_FOR_M1_TRIGGER,BIG_SETUP_GRADE_BELOW_B
[NEAR_MISS] symbol=EURUSD strategy=FIB_OTE_RETEST direction=WAIT score=67 missing=NO_TRADE_DIRECTION,RR_TOO_LOW,SMC_SCORE_LT_60,MTFA_SCORE_LT_50,WAITING_FOR_M15_CONFIRMATION,WAITING_FOR_M1_TRIGGER,BIG_SETUP_GRADE_BELOW_B
[ERROR] Hermes ingest request failed for execution_events: HTTPSConnectionPool(host='bnb-trade-os.lovable.app', port=443): Max retries exceeded with url: /api/public/hermes-ingest (Caused by NewConnectionError("HTTPSConnection(host='bnb-trade-os.lovable.app', port=443): Failed to establish a new connection: [WinError 10013] An attempt was made to access a socket in a way forbidden by its access permissions"))
[ERROR] Failed table: execution_events
[ERROR] Hermes ingest request failed for execution_events: HTTPSConnectionPool(host='bnb-trade-os.lovable.app', port=443): Max retries exceeded with url: /api/public/hermes-ingest (Caused by NewConnectionError("HTTPSConnection(host='bnb-trade-os.lovable.app', port=443): Failed to establish a new connection: [WinError 10013] An attempt was made to access a socket in a way forbidden by its access permissions"))
[ERROR] Failed table: execution_events
[ERROR] Hermes ingest request failed for hermes_agents: HTTPSConnectionPool(host='bnb-trade-os.lovable.app', port=443): Max retries exceeded with url: /api/public/hermes-ingest (Caused by NewConnectionError("HTTPSConnection(host='bnb-trade-os.lovable.app', port=443): Failed to establish a new connection: [WinError 10013] An attempt was made to access a socket in a way forbidden by its access permissions"))
[ERROR] Failed table: hermes_agents
[ERROR] Hermes ingest request failed for ai_decisions: HTTPSConnectionPool(host='bnb-trade-os.lovable.app', port=443): Max retries exceeded with url: /api/public/hermes-ingest (Caused by NewConnectionError("HTTPSConnection(host='bnb-trade-os.lovable.app', port=443): Failed to establish a new connection: [WinError 10013] An attempt was made to access a socket in a way forbidden by its access permissions"))
[ERROR] Failed table: ai_decisions
[INFO] [CYCLE] symbol=EURUSD status=WAIT_ANALYSIS_ONLY
[BOT_LOG_TIME] message="Hermes analysis cycle complete" utc_time=2026-06-01T19:09:23.544128+00:00 casablanca_time=2026-06-01T20:09:23.544128+01:00 broker_time_estimate=2026-06-01T22:09:02+00:00 session_name=NEW_YORK time_gate_status=PASS
[ERROR] Hermes ingest request failed for bot_logs: HTTPSConnectionPool(host='bnb-trade-os.lovable.app', port=443): Max retries exceeded with url: /api/public/hermes-ingest (Caused by NewConnectionError("HTTPSConnection(host='bnb-trade-os.lovable.app', port=443): Failed to establish a new connection: [WinError 10013] An attempt was made to access a socket in a way forbidden by its access permissions"))
[ERROR] Failed table: bot_logs
[ERROR] Hermes ingest request failed for nightly_reports: HTTPSConnectionPool(host='bnb-trade-os.lovable.app', port=443): Max retries exceeded with url: /api/public/hermes-ingest (Caused by NewConnectionError("HTTPSConnection(host='bnb-trade-os.lovable.app', port=443): Failed to establish a new connection: [WinError 10013] An attempt was made to access a socket in a way forbidden by its access permissions"))
[ERROR] Failed table: nightly_reports
[INFO] [CYCLE] completed analyzed=3 skipped=0 paper_opened=0 paper_closed=0 demo_orders=0
[ERROR] Hermes ingest request failed for bot_status: HTTPSConnectionPool(host='bnb-trade-os.lovable.app', port=443): Max retries exceeded with url: /api/public/hermes-ingest (Caused by NewConnectionError("HTTPSConnection(host='bnb-trade-os.lovable.app', port=443): Failed to establish a new connection: [WinError 10013] An attempt was made to access a socket in a way forbidden by its access permissions"))
[ERROR] Failed table: bot_status
[ERROR] Hermes ingest request failed for hermes_agents: HTTPSConnectionPool(host='bnb-trade-os.lovable.app', port=443): Max retries exceeded with url: /api/public/hermes-ingest (Caused by NewConnectionError("HTTPSConnection(host='bnb-trade-os.lovable.app', port=443): Failed to establish a new connection: [WinError 10013] An attempt was made to access a socket in a way forbidden by its access permissions"))
[ERROR] Failed table: hermes_agents
[INFO] [DASHBOARD_STATUS] component=dashboard_status mode=DEMO_PILOT_24H account_type=DEMO demo_pilot_enabled=true allow_live_trading=false utc_time=2026-06-01T19:09:23.544128+00:00
[DASHBOARD_STATUS] component=dashboard_status mode=DEMO_PILOT_24H account_type=DEMO demo_pilot_enabled=true allow_live_trading=false utc_time=2026-06-01T19:09:23.544128+00:00
[ERROR] Hermes ingest update request failed for bot_status: HTTPSConnectionPool(host='bnb-trade-os.lovable.app', port=443): Max retries exceeded with url: /api/public/hermes-ingest (Caused by NewConnectionError("HTTPSConnection(host='bnb-trade-os.lovable.app', port=443): Failed to establish a new connection: [WinError 10013] An attempt was made to access a socket in a way forbidden by its access permissions"))
[ERROR] Failed table: bot_status
[ERROR] Hermes ingest update request failed for bot_status: HTTPSConnectionPool(host='bnb-trade-os.lovable.app', port=443): Max retries exceeded with url: /api/public/hermes-ingest (Caused by NewConnectionError("HTTPSConnection(host='bnb-trade-os.lovable.app', port=443): Failed to establish a new connection: [WinError 10013] An attempt was made to access a socket in a way forbidden by its access permissions"))
[ERROR] Failed table: bot_status
[ERROR] Hermes ingest update request failed for bot_status: HTTPSConnectionPool(host='bnb-trade-os.lovable.app', port=443): Max retries exceeded with url: /api/public/hermes-ingest (Caused by NewConnectionError("HTTPSConnection(host='bnb-trade-os.lovable.app', port=443): Failed to establish a new connection: [WinError 10013] An attempt was made to access a socket in a way forbidden by its access permissions"))
[ERROR] Failed table: bot_status
[ERROR] Hermes ingest update request failed for bot_status: HTTPSConnectionPool(host='bnb-trade-os.lovable.app', port=443): Max retries exceeded with url: /api/public/hermes-ingest (Caused by NewConnectionError("HTTPSConnection(host='bnb-trade-os.lovable.app', port=443): Failed to establish a new connection: [WinError 10013] An attempt was made to access a socket in a way forbidden by its access permissions"))
[ERROR] Failed table: bot_status
[ERROR] Hermes ingest request failed for account_snapshots: HTTPSConnectionPool(host='bnb-trade-os.lovable.app', port=443): Max retries exceeded with url: /api/public/hermes-ingest (Caused by NewConnectionError("HTTPSConnection(host='bnb-trade-os.lovable.app', port=443): Failed to establish a new connection: [WinError 10013] An attempt was made to access a socket in a way forbidden by its access permissions"))
[ERROR] Failed table: account_snapshots
[ERROR] Hermes ingest request failed for account_snapshots: HTTPSConnectionPool(host='bnb-trade-os.lovable.app', port=443): Max retries exceeded with url: /api/public/hermes-ingest (Caused by NewConnectionError("HTTPSConnection(host='bnb-trade-os.lovable.app', port=443): Failed to establish a new connection: [WinError 10013] An attempt was made to access a socket in a way forbidden by its access permissions"))
[ERROR] Failed table: account_snapshots
[INFO] [CYCLE] started
[ERROR] Hermes ingest request failed for bot_status: HTTPSConnectionPool(host='bnb-trade-os.lovable.app', port=443): Max retries exceeded with url: /api/public/hermes-ingest (Caused by NewConnectionError("HTTPSConnection(host='bnb-trade-os.lovable.app', port=443): Failed to establish a new connection: [WinError 10013] An attempt was made to access a socket in a way forbidden by its access permissions"))
[ERROR] Failed table: bot_status
[ERROR] Hermes ingest request failed for hermes_agents: HTTPSConnectionPool(host='bnb-trade-os.lovable.app', port=443): Max retries exceeded with url: /api/public/hermes-ingest (Caused by NewConnectionError("HTTPSConnection(host='bnb-trade-os.lovable.app', port=443): Failed to establish a new connection: [WinError 10013] An attempt was made to access a socket in a way forbidden by its access permissions"))
[ERROR] Failed table: hermes_agents
[INFO] [DASHBOARD_STATUS] component=dashboard_status mode=DEMO_PILOT_24H account_type=DEMO demo_pilot_enabled=true allow_live_trading=false utc_time=2026-06-01T19:09:23.544128+00:00
